Component: Arm Compiler for Embedded 6.24 Tool: armlink [5f371500]

==============================================================================

Section Cross References

    startup_stm32f401xe.o(RESET) refers to startup_stm32f401xe.o(STACK) for __initial_sp
    startup_stm32f401xe.o(RESET) refers to startup_stm32f401xe.o(.text) for Reset_Handler
    startup_stm32f401xe.o(RESET) refers to stm32f4xx_it.o(.text.NMI_Handler) for NMI_Handler
    startup_stm32f401xe.o(RESET) refers to stm32f4xx_it.o(.text.HardFault_Handler) for HardFault_Handler
    startup_stm32f401xe.o(RESET) refers to stm32f4xx_it.o(.text.MemManage_Handler) for MemManage_Handler
    startup_stm32f401xe.o(RESET) refers to stm32f4xx_it.o(.text.BusFault_Handler) for BusFault_Handler
    startup_stm32f401xe.o(RESET) refers to stm32f4xx_it.o(.text.UsageFault_Handler) for UsageFault_Handler
    startup_stm32f401xe.o(RESET) refers to stm32f4xx_it.o(.text.SVC_Handler) for SVC_Handler
    startup_stm32f401xe.o(RESET) refers to stm32f4xx_it.o(.text.DebugMon_Handler) for DebugMon_Handler
    startup_stm32f401xe.o(RESET) refers to stm32f4xx_it.o(.text.PendSV_Handler) for PendSV_Handler
    startup_stm32f401xe.o(RESET) refers to stm32f4xx_it.o(.text.SysTick_Handler) for SysTick_Handler
    startup_stm32f401xe.o(RESET) refers to stm32f4xx_it.o(.text.EXTI0_IRQHandler) for EXTI0_IRQHandler
    startup_stm32f401xe.o(RESET) refers to stm32f4xx_it.o(.text.USART2_IRQHandler) for USART2_IRQHandler
    startup_stm32f401xe.o(.text) refers to system_stm32f4xx.o(.text.SystemInit) for SystemInit
    startup_stm32f401xe.o(.text) refers to entry.o(.ARM.Collect$$$$00000000) for __main
    main.o(.text.main) refers to stm32f4xx_hal.o(.text.HAL_Init) for HAL_Init
    main.o(.text.main) refers to main.o(.text.SystemClock_Config) for SystemClock_Config
    main.o(.text.main) refers to gpio.o(.text.MX_GPIO_Init) for MX_GPIO_Init
    main.o(.text.main) refers to usart.o(.text.MX_USART2_UART_Init) for MX_USART2_UART_Init
    main.o(.text.main) refers to crc.o(.text.MX_CRC_Init) for MX_CRC_Init
    main.o(.text.main) refers to spi.o(.text.MX_SPI1_Init) for MX_SPI1_Init
    main.o(.text.main) refers to fsm_controller.o(.text.FSM_Init) for FSM_Init
    main.o(.text.main) refers to ili9341.o(.text.ILI9341_Init) for ILI9341_Init
    main.o(.text.main) refers to ili9341.o(.text.ILI9341_FillScreen) for ILI9341_FillScreen
    main.o(.text.main) refers to infer_engine.o(.text.InferEngine_Init) for InferEngine_Init
    main.o(.text.main) refers to strlen.o(.text) for strlen
    main.o(.text.main) refers to usart.o(.bss.huart2) for huart2
    main.o(.text.main) refers to stm32f4xx_hal_uart.o(.text.HAL_UART_Transmit) for HAL_UART_Transmit
    main.o(.text.main) refers to main.o(.bss.probability) for probability
    main.o(.text.main) refers to main.o(.bss.my_vehicle_state) for my_vehicle_state
    main.o(.text.main) refers to main.o(.data.tx_flag) for tx_flag
    main.o(.text.main) refers to main.o(.bss.tx_buffer) for tx_buffer
    main.o(.text.main) refers to main.o(.bss.live_camera_frame) for live_camera_frame
    main.o(.text.main) refers to sensor_sim.o(.text.SensorSim_CaptureDynamicFrame) for SensorSim_CaptureDynamicFrame
    main.o(.text.main) refers to fsm_controller.o(.text.FSM_Update) for FSM_Update
    main.o(.text.main) refers to main.o(.text.Update_GLCD_With_Frame) for Update_GLCD_With_Frame
    main.o(.text.main) refers to fsm_controller.o(.text.FSM_GetState) for FSM_GetState
    main.o(.text.main) refers to ili9341.o(.text.ILI9341_WriteString) for ILI9341_WriteString
    main.o(.text.main) refers to printf6.o(i.__0snprintf$6) for __2snprintf
    main.o(.text.main) refers to stm32f4xx_hal.o(.text.HAL_GetTick) for HAL_GetTick
    main.o(.text.main) refers to main.o(.bss.tx_flag_timeout) for tx_flag_timeout
    main.o(.text.main) refers to infer_engine.o(.bss.result_buffer) for result_buffer
    main.o(.text.main) refers to stm32f4xx_hal_uart.o(.text.HAL_UART_Transmit_IT) for HAL_UART_Transmit_IT
    main.o(.text.main) refers to stm32f4xx_hal.o(.text.HAL_Delay) for HAL_Delay
    main.o(.ARM.exidx.text.main) refers to main.o(.text.main) for [Anonymous Symbol]
    main.o(.text.SystemClock_Config) refers to memseta.o(.text) for __aeabi_memclr4
    main.o(.text.SystemClock_Config) refers to stm32f4xx_hal_rcc.o(.text.HAL_RCC_OscConfig) for HAL_RCC_OscConfig
    main.o(.text.SystemClock_Config) refers to stm32f4xx_hal_rcc.o(.text.HAL_RCC_ClockConfig) for HAL_RCC_ClockConfig
    main.o(.ARM.exidx.text.SystemClock_Config) refers to main.o(.text.SystemClock_Config) for [Anonymous Symbol]
    main.o(.ARM.exidx.text.Error_Handler) refers to main.o(.text.Error_Handler) for [Anonymous Symbol]
    main.o(.text.Update_GLCD_With_Frame) refers to ili9341.o(.text.ILI9341_DrawPixel) for ILI9341_DrawPixel
    main.o(.ARM.exidx.text.Update_GLCD_With_Frame) refers to main.o(.text.Update_GLCD_With_Frame) for [Anonymous Symbol]
[...]
    [Anonymous Symbol]                       0x20000ea4   Section        0  ob_model.o(.bss..compoundliteral.27)
    .compoundliteral.31                      0x20000eb4   Data          16  ob_model.o(.bss..compoundliteral.31)
    [Anonymous Symbol]                       0x20000eb4   Section        0  ob_model.o(.bss..compoundliteral.31)
    .compoundliteral.35                      0x20000ec4   Data          16  ob_model.o(.bss..compoundliteral.35)
    [Anonymous Symbol]                       0x20000ec4   Section        0  ob_model.o(.bss..compoundliteral.35)
    .compoundliteral.37                      0x20000ed4   Data          16  ob_model.o(.bss..compoundliteral.37)
    [Anonymous Symbol]                       0x20000ed4   Section        0  ob_model.o(.bss..compoundliteral.37)
    .compoundliteral.41                      0x20000ee4   Data           4  ob_model.o(.bss..compoundliteral.41)
    [Anonymous Symbol]                       0x20000ee4   Section        0  ob_model.o(.bss..compoundliteral.41)
    .compoundliteral.42                      0x20000ee8   Data           4  ob_model.o(.bss..compoundliteral.42)
    [Anonymous Symbol]                       0x20000ee8   Section        0  ob_model.o(.bss..compoundliteral.42)
    .compoundliteral.50                      0x20000eec   Data           4  ob_model.o(.bss..compoundliteral.50)
    [Anonymous Symbol]                       0x20000eec   Section        0  ob_model.o(.bss..compoundliteral.50)
    .compoundliteral.63                      0x20000ef0   Data           4  ob_model.o(.bss..compoundliteral.63)
    [Anonymous Symbol]                       0x20000ef0   Section        0  ob_model.o(.bss..compoundliteral.63)
    .compoundliteral.64                      0x20000ef4   Data           4  ob_model.o(.bss..compoundliteral.64)
    [Anonymous Symbol]                       0x20000ef4   Section        0  ob_model.o(.bss..compoundliteral.64)
    .compoundliteral.71                      0x20000ef8   Data           4  ob_model.o(.bss..compoundliteral.71)
    [Anonymous Symbol]                       0x20000ef8   Section        0  ob_model.o(.bss..compoundliteral.71)
    .compoundliteral.72                      0x20000efc   Data           4  ob_model.o(.bss..compoundliteral.72)
    [Anonymous Symbol]                       0x20000efc   Section        0  ob_model.o(.bss..compoundliteral.72)
    .compoundliteral.9                       0x20000f00   Data          16  ob_model.o(.bss..compoundliteral.9)
    [Anonymous Symbol]                       0x20000f00   Section        0  ob_model.o(.bss..compoundliteral.9)
    .compoundliteral.97                      0x20000f10   Data           4  ob_model.o(.bss..compoundliteral.97)
    [Anonymous Symbol]                       0x20000f10   Section        0  ob_model.o(.bss..compoundliteral.97)
    activations                              0x20000f20   Data       41188  infer_engine.o(.bss.activations)
    [Anonymous Symbol]                       0x20000f20   Section        0  infer_engine.o(.bss.activations)
    current_frame                            0x2000b004   Data        9216  sensor_sim.o(.bss.current_frame)
    [Anonymous Symbol]                       0x2000b004   Section        0  sensor_sim.o(.bss.current_frame)
    current_state                            0x2000d404   Data           1  fsm_controller.o(.bss.current_state)
    [Anonymous Symbol]                       0x2000d404   Section        0  fsm_controller.o(.bss.current_state)
    g_ob_model_activations_map               0x2000d408   Data           4  ob_model.o(.bss.g_ob_model_activations_map)
    [Anonymous Symbol]                       0x2000d408   Section        0  ob_model.o(.bss.g_ob_model_activations_map)
    g_ob_model_weights_map                   0x2000d40c   Data           4  ob_model.o(.bss.g_ob_model_weights_map)
    [Anonymous Symbol]                       0x2000d40c   Section        0  ob_model.o(.bss.g_ob_model_weights_map)
    ob_model_network                         0x2000f8c0   Data           4  infer_engine.o(.bss.ob_model_network)
    [Anonymous Symbol]                       0x2000f8c0   Section        0  infer_engine.o(.bss.ob_model_network)
    scenario_step                            0x2000f990   Data           1  sensor_sim.o(.bss.scenario_step)
    [Anonymous Symbol]                       0x2000f990   Section        0  sensor_sim.o(.bss.scenario_step)
    STACK                                    0x2000fac8   Section     8192  startup_stm32f401xe.o(STACK)

    Global Symbols

    Symbol Name                              Value     Ov Type        Size  Object(Section)

    BuildAttributes$$THM_ISAv4$E$P$D$K$B$S$7EM$VFPi3$EXTD16$VFPS$VFMA$PE$A:L22UL41UL21$X:L11$S22US41US21$IEEE1$IW$~IW$USESV6$~STKCKD$USESV7$~SHL$OTIME$ROPI$IEEEX$EBA8$MICROLIB$REQ8$PRES8$EABIv2 0x00000000   Number         0  anon$$obj.o ABSOLUTE
    _printf_a                                0x00000000   Number         0  printfstubs.o ABSOLUTE
    _printf_c                                0x00000000   Number         0  printfstubs.o ABSOLUTE
    _printf_charcount                        0x00000000   Number         0  printfstubs.o ABSOLUTE
    _printf_d                                0x00000000   Number         0  printfstubs.o ABSOLUTE
    _printf_e                                0x00000000   Number         0  printfstubs.o ABSOLUTE
    _printf_f                                0x00000000   Number         0  printfstubs.o ABSOLUTE
    _printf_flags                            0x00000000   Number         0  printfstubs.o ABSOLUTE
    _printf_fp_dec                           0x00000000   Number         0  printfstubs.o ABSOLUTE
    _printf_fp_hex                           0x00000000   Number         0  printfstubs.o ABSOLUTE
    _printf_g                                0x00000000   Number         0  printfstubs.o ABSOLUTE
    _printf_i                                0x00000000   Number         0  printfstubs.o ABSOLUTE
    _printf_int_dec                          0x00000000   Number         0  printfstubs.o ABSOLUTE
    _printf_l                                0x00000000   Number         0  printfstubs.o ABSOLUTE
    _printf_lc                               0x00000000   Number         0  printfstubs.o ABSOLUTE
    _printf_ll                               0x00000000   Number         0  printfstubs.o ABSOLUTE
    _printf_lld                              0x00000000   Number         0  printfstubs.o ABSOLUTE
    _printf_lli                              0x00000000   Number         0  printfstubs.o ABSOLUTE
    _printf_llo                              0x00000000   Number         0  printfstubs.o ABSOLUTE
    _printf_llu                              0x00000000   Number         0  printfstubs.o ABSOLUTE
    _printf_llx                              0x00000000   Number         0  printfstubs.o ABSOLUTE
    _printf_longlong_dec                     0x00000000   Number         0  printfstubs.o ABSOLUTE
    _printf_longlong_hex                     0x00000000   Number         0  printfstubs.o ABSOLUTE
    _printf_longlong_oct                     0x00000000   Number         0  printfstubs.o ABSOLUTE
    _printf_ls                               0x00000000   Number         0  printfstubs.o ABSOLUTE
    _printf_mbtowc                           0x00000000   Number         0  printfstubs.o ABSOLUTE
    _printf_n                                0x00000000   Number         0  printfstubs.o ABSOLUTE
    _printf_o                                0x00000000   Number         0  printfstubs.o ABSOLUTE
    _printf_p                                0x00000000   Number         0  printfstubs.o ABSOLUTE
    _printf_percent                          0x00000000   Number         0  printfstubs.o ABSOLUTE
    _printf_pre_padding                      0x00000000   Number         0  printfstubs.o ABSOLUTE
    _printf_return_value                     0x00000000   Number         0  printfstubs.o ABSOLUTE
    _printf_s                                0x00000000   Number         0  printfstubs.o ABSOLUTE
    _printf_sizespec                         0x00000000   Number         0  printfstubs.o ABSOLUTE
    _printf_str                              0x00000000   Number         0  printfstubs.o ABSOLUTE
    _printf_truncate_signed                  0x00000000   Number         0  printfstubs.o ABSOLUTE
    _printf_truncate_unsigned                0x00000000   Number         0  printfstubs.o ABSOLUTE
    _printf_u                                0x00000000   Number         0  printfstubs.o ABSOLUTE
    _printf_wc                               0x00000000   Number         0  printfstubs.o ABSOLUTE
    _printf_wctomb                           0x00000000   Number         0  printfstubs.o ABSOLUTE
    _printf_widthprec                        0x00000000   Number         0  printfstubs.o ABSOLUTE
    _printf_x                                0x00000000   Number         0  printfstubs.o ABSOLUTE
    __cpp_initialize__aeabi_                  - Undefined Weak Reference
    __cxa_finalize                            - Undefined Weak Reference
    _clock_init                               - Undefined Weak Reference
    _microlib_exit                            - Undefined Weak Reference
    __Vectors_Size                           0x00000194   Number         0  startup_stm32f401xe.o ABSOLUTE
    __Vectors                                0x08000000   Data           4  startup_stm32f401xe.o(RESET)
    __Vectors_End                            0x08000194   Data           0  startup_stm32f401xe.o(RESET)
    __main                                   0x08000195   Thumb Code     0  entry.o(.ARM.Collect$$$$00000000)
    _main_stk                                0x08000195   Thumb Code     0  entry2.o(.ARM.Collect$$$$00000001)
    _main_scatterload                        0x08000199   Thumb Code     0  entry5.o(.ARM.Collect$$$$00000004)
    __main_after_scatterload                 0x0800019d   Thumb Code     0  entry5.o(.ARM.Collect$$$$00000004)
    _main_clock                              0x0800019d   Thumb Code     0  entry7b.o(.ARM.Collect$$$$00000008)
    _main_cpp_init                           0x0800019d   Thumb Code     0  entry8b.o(.ARM.Collect$$$$0000000A)
    _main_init                               0x0800019d   Thumb Code     0  entry9a.o(.ARM.Collect$$$$0000000B)
    __rt_final_cpp                           0x080001a5   Thumb Code     0  entry10a.o(.ARM.Collect$$$$0000000D)
    __rt_final_exit                          0x080001a5   Thumb Code     0  entry11a.o(.ARM.Collect$$$$0000000F)
    Reset_Handler                            0x080001a9   Thumb Code     8  startup_stm32f401xe.o(.text)
    ADC_IRQHandler                           0x080001c3   Thumb Code     0  startup_stm32f401xe.o(.text)
    DMA1_Stream0_IRQHandler                  0x080001c3   Thumb Code     0  startup_stm32f401xe.o(.text)
    DMA1_Stream1_IRQHandler                  0x080001c3   Thumb Code     0  startup_stm32f401xe.o(.text)
    DMA1_Stream2_IRQHandler                  0x080001c3   Thumb Code     0  startup_stm32f401xe.o(.text)
    DMA1_Stream3_IRQHandler                  0x080001c3   Thumb Code     0  startup_stm32f401xe.o(.text)
    DMA1_Stream4_IRQHandler                  0x080001c3   Thumb Code     0  startup_stm32f401xe.o(.text)
    DMA1_Stream5_IRQHandler                  0x080001c3   Thumb Code     0  startup_stm32f401xe.o(.text)
    DMA1_Stream6_IRQHandler                  0x080001c3   Thumb Code     0  startup_stm32f401xe.o(.text)
    DMA1_Stream7_IRQHandler                  0x080001c3   Thumb Code     0  startup_stm32f401xe.o(.text)
    DMA2_Stream0_IRQHandler                  0x080001c3   Thumb Code     0  startup_stm32f401xe.o(.text)
    DMA2_Stream1_IRQHandler                  0x080001c3   Thumb Code     0  startup_stm32f401xe.o(.text)
    DMA2_Stream2_IRQHandler                  0x080001c3   Thumb Code     0  startup_stm32f401xe.o(.text)
    DMA2_Stream3_IRQHandler                  0x080001c3   Thumb Code     0  startup_stm32f401xe.o(.text)
    DMA2_Stream4_IRQHandler                  0x080001c3   Thumb Code     0  startup_stm32f401xe.o(.text)
    DMA2_Stream5_IRQHandler                  0x080001c3   Thumb Code     0  startup_stm32f401xe.o(.text)
    DMA2_Stream6_IRQHandler                  0x080001c3   Thumb Code     0  startup_stm32f401xe.o(.text)
    DMA2_Stream7_IRQHandler                  0x080001c3   Thumb Code     0  startup_stm32f401xe.o(.text)
    EXTI15_10_IRQHandler                     0x080001c3   Thumb Code     0  startup_stm32f401xe.o(.text)
    EXTI1_IRQHandler                         0x080001c3   Thumb Code     0  startup_stm32f401xe.o(.text)
    EXTI2_IRQHandler                         0x080001c3   Thumb Code     0  startup_stm32f401xe.o(.text)
    EXTI3_IRQHandler                         0x080001c3   Thumb Code     0  startup_stm32f401xe.o(.text)
    EXTI4_IRQHandler                         0x080001c3   Thumb Code     0  startup_stm32f401xe.o(.text)
    EXTI9_5_IRQHandler                       0x080001c3   Thumb Code     0  startup_stm32f401xe.o(.text)
    FLASH_IRQHandler                         0x080001c3   Thumb Code     0  startup_stm32f401xe.o(.text)
    FPU_IRQHandler                           0x080001c3   Thumb Code     0  startup_stm32f401xe.o(.text)
    I2C1_ER_IRQHandler                       0x080001c3   Thumb Code     0  startup_stm32f401xe.o(.text)
    I2C1_EV_IRQHandler                       0x080001c3   Thumb Code     0  startup_stm32f401xe.o(.text)
    I2C2_ER_IRQHandler                       0x080001c3   Thumb Code     0  startup_stm32f401xe.o(.text)
    I2C2_EV_IRQHandler                       0x080001c3   Thumb Code     0  startup_stm32f401xe.o(.text)
    I2C3_ER_IRQHandler                       0x080001c3   Thumb Code     0  startup_stm32f401xe.o(.text)
    I2C3_EV_IRQHandler                       0x080001c3   Thumb Code     0  startup_stm32f401xe.o(.text)
    OTG_FS_IRQHandler                        0x080001c3   Thumb Code     0  startup_stm32f401xe.o(.text)
    OTG_FS_WKUP_IRQHandler                   0x080001c3   Thumb Code     0  startup_stm32f401xe.o(.text)
    PVD_IRQHandler                           0x080001c3   Thumb Code     0  startup_stm32f401xe.o(.text)
    RCC_IRQHandler                           0x080001c3   Thumb Code     0  startup_stm32f401xe.o(.text)
    RTC_Alarm_IRQHandler                     0x080001c3   Thumb Code     0  startup_stm32f401xe.o(.text)
    RTC_WKUP_IRQHandler                      0x080001c3   Thumb Code     0  startup_stm32f401xe.o(.text)
    SDIO_IRQHandler                          0x080001c3   Thumb Code     0  startup_stm32f401xe.o(.text)
    SPI1_IRQHandler                          0x080001c3   Thumb Code     0  startup_stm32f401xe.o(.text)
    SPI2_IRQHandler                          0x080001c3   Thumb Code     0  startup_stm32f401xe.o(.text)
    SPI3_IRQHandler                          0x080001c3   Thumb Code     0  startup_stm32f401xe.o(.text)
    SPI4_IRQHandler                          0x080001c3   Thumb Code     0  startup_stm32f401xe.o(.text)
    TAMP_STAMP_IRQHandler                    0x080001c3   Thumb Code     0  startup_stm32f401xe.o(.text)
    TIM1_BRK_TIM9_IRQHandler                 0x080001c3   Thumb Code     0  startup_stm32f401xe.o(.text)
    TIM1_CC_IRQHandler                       0x080001c3   Thumb Code     0  startup_stm32f401xe.o(.text)
    TIM1_TRG_COM_TIM11_IRQHandler            0x080001c3   Thumb Code     0  startup_stm32f401xe.o(.text)
    TIM1_UP_TIM10_IRQHandler                 0x080001c3   Thumb Code     0  startup_stm32f401xe.o(.text)
    TIM2_IRQHandler                          0x080001c3   Thumb Code     0  startup_stm32f401xe.o(.text)
    TIM3_IRQHandler                          0x080001c3   Thumb Code     0  startup_stm32f401xe.o(.text)
    TIM4_IRQHandler                          0x080001c3   Thumb Code     0  startup_stm32f401xe.o(.text)
    TIM5_IRQHandler                          0x080001c3   Thumb Code     0  startup_stm32f401xe.o(.text)
    USART1_IRQHandler                        0x080001c3   Thumb Code     0  startup_stm32f401xe.o(.text)
    USART6_IRQHandler                        0x080001c3   Thumb Code     0  startup_stm32f401xe.o(.text)
    WWDG_IRQHandler                          0x080001c3   Thumb Code     0  startup_stm32f401xe.o(.text)
    __aeabi_uldivmod                         0x080001cd   Thumb Code    98  uldiv.o(.text)
    rand                                     0x08000231   Thumb Code    20  rand.o(.text)
    srand                                    0x08000245   Thumb Code     6  rand.o(.text)
    __aeabi_memcpy                           0x08000255   Thumb Code    36  memcpya.o(.text)
    __aeabi_memcpy4                          0x08000255   Thumb Code     0  memcpya.o(.text)
    __aeabi_memcpy8                          0x08000255   Thumb Code     0  memcpya.o(.text)
    __aeabi_memset                           0x08000279   Thumb Code    14  memseta.o(.text)
    __aeabi_memset4                          0x08000279   Thumb Code     0  memseta.o(.text)
    __aeabi_memset8                          0x08000279   Thumb Code     0  memseta.o(.text)
    __aeabi_memclr                           0x08000287   Thumb Code     4  memseta.o(.text)
    __aeabi_memclr4                          0x08000287   Thumb Code     0  memseta.o(.text)
    __aeabi_memclr8                          0x08000287   Thumb Code     0  memseta.o(.text)
    _memset$wrapper                          0x0800028b   Thumb Code    18  memseta.o(.text)
    strlen                                   0x0800029d   Thumb Code    14  strlen.o(.text)
    memcmp                                   0x080002ab   Thumb Code    26  memcmp.o(.text)
    __aeabi_uidiv                            0x080002c5   Thumb Code     0  uidiv.o(.text)
    __aeabi_uidivmod                         0x080002c5   Thumb Code    44  uidiv.o(.text)
    __aeabi_llsl                             0x080002f1   Thumb Code    30  llshl.o(.text)
    _ll_shift_l                              0x080002f1   Thumb Code     0  llshl.o(.text)
    __aeabi_llsr                             0x0800030f   Thumb Code    32  llushr.o(.text)
    _ll_ushift_r                             0x0800030f   Thumb Code     0  llushr.o(.text)
    __I$use$fp                               0x0800032f   Thumb Code     0  iusefp.o(.text)
    __scatterload                            0x08000331   Thumb Code    38  init.o(.text)
    __scatterload_rt2                        0x08000331   Thumb Code     0  init.o(.text)
    __decompress                             0x08000361   Thumb Code     0  __dczerorl2.o(.text)
    __decompress1                            0x08000361   Thumb Code    86  __dczerorl2.o(.text)
    BusFault_Handler                         0x080003b9   Thumb Code     2  stm32f4xx_it.o(.text.BusFault_Handler)
    DebugMon_Handler                         0x080003bb   Thumb Code     2  stm32f4xx_it.o(.text.DebugMon_Handler)
    EXTI0_IRQHandler                         0x080003bd   Thumb Code     6  stm32f4xx_it.o(.text.EXTI0_IRQHandler)
    Error_Handler                            0x080003c5   Thumb Code    10  main.o(.text.Error_Handler)
    FSM_GetState                             0x080003cf   Thumb Code    12  fsm_controller.o(.text.FSM_GetState)
    FSM_Init                                 0x080003db   Thumb Code    14  fsm_controller.o(.text.FSM_Init)
    FSM_Update                               0x080003e9   Thumb Code   104  fsm_controller.o(.text.FSM_Update)
    HAL_CRC_Init                             0x08000451   Thumb Code    32  stm32f4xx_hal_crc.o(.text.HAL_CRC_Init)
    HAL_CRC_MspInit                          0x08000471   Thumb Code    48  crc.o(.text.HAL_CRC_MspInit)
    HAL_DMA_Abort                            0x080004a1   Thumb Code   128  stm32f4xx_hal_dma.o(.text.HAL_DMA_Abort)
    HAL_DMA_Abort_IT                         0x08000521   Thumb Code    36  stm32f4xx_hal_dma.o(.text.HAL_DMA_Abort_IT)
    HAL_Delay                                0x08000545   Thumb Code    40  stm32f4xx_hal.o(.text.HAL_Delay)
    HAL_GPIO_EXTI_Callback                   0x0800056d   Thumb Code    10  main.o(.text.HAL_GPIO_EXTI_Callback)
    HAL_GPIO_EXTI_IRQHandler                 0x08000577   Thumb Code    22  stm32f4xx_hal_gpio.o(.text.HAL_GPIO_EXTI_IRQHandler)
    HAL_GPIO_Init                            0x0800058d   Thumb Code   408  stm32f4xx_hal_gpio.o(.text.HAL_GPIO_Init)
    HAL_GPIO_WritePin                        0x08000725   Thumb Code    10  stm32f4xx_hal_gpio.o(.text.HAL_GPIO_WritePin)
    HAL_GetTick                              0x0800072f   Thumb Code    12  stm32f4xx_hal.o(.text.HAL_GetTick)
    HAL_IncTick                              0x0800073b   Thumb Code    26  stm32f4xx_hal.o(.text.HAL_IncTick)
    HAL_Init                                 0x08000755   Thumb Code    54  stm32f4xx_hal.o(.text.HAL_Init)
    HAL_InitTick                             0x0800078b   Thumb Code    80  stm32f4xx_hal.o(.text.HAL_InitTick)
    HAL_MspInit                              0x080007db   Thumb Code    56  stm32f4xx_hal_msp.o(.text.HAL_MspInit)
    HAL_NVIC_EnableIRQ                       0x08000813   Thumb Code    32  stm32f4xx_hal_cortex.o(.text.HAL_NVIC_EnableIRQ)
    HAL_NVIC_SetPriority                     0x08000833   Thumb Code    86  stm32f4xx_hal_cortex.o(.text.HAL_NVIC_SetPriority)
    HAL_NVIC_SetPriorityGrouping             0x08000889   Thumb Code    32  stm32f4xx_hal_cortex.o(.text.HAL_NVIC_SetPriorityGrouping)
    HAL_RCC_ClockConfig                      0x080008a9   Thumb Code   338  stm32f4xx_hal_rcc.o(.text.HAL_RCC_ClockConfig)
    HAL_RCC_GetPCLK1Freq                     0x080009fb   Thumb Code    38  stm32f4xx_hal_rcc.o(.text.HAL_RCC_GetPCLK1Freq)
    HAL_RCC_GetPCLK2Freq                     0x08000a21   Thumb Code    38  stm32f4xx_hal_rcc.o(.text.HAL_RCC_GetPCLK2Freq)
    HAL_RCC_GetSysClockFreq                  0x08000a49   Thumb Code   106  stm32f4xx_hal_rcc.o(.text.HAL_RCC_GetSysClockFreq)
    HAL_RCC_OscConfig                        0x08000ab5   Thumb Code   864  stm32f4xx_hal_rcc.o(.text.HAL_RCC_OscConfig)
    HAL_SPI_Init                             0x08000e15   Thumb Code   176  stm32f4xx_hal_spi.o(.text.HAL_SPI_Init)
    HAL_SPI_MspInit                          0x08000ec5   Thumb Code   110  spi.o(.text.HAL_SPI_MspInit)
    HAL_SPI_Transmit                         0x08000f35   Thumb Code   372  stm32f4xx_hal_spi.o(.text.HAL_SPI_Transmit)
    HAL_SYSTICK_Config                       0x080010a9   Thumb Code    44  stm32f4xx_hal_cortex.o(.text.HAL_SYSTICK_Config)
    HAL_UARTEx_RxEventCallback               0x080010d5   Thumb Code     2  stm32f4xx_hal_uart.o(.text.HAL_UARTEx_RxEventCallback)
    HAL_UART_ErrorCallback                   0x080010d7   Thumb Code     2  stm32f4xx_hal_uart.o(.text.HAL_UART_ErrorCallback)
    HAL_UART_IRQHandler                      0x080010d9   Thumb Code   684  stm32f4xx_hal_uart.o(.text.HAL_UART_IRQHandler)
    HAL_UART_Init                            0x08001385   Thumb Code    92  stm32f4xx_hal_uart.o(.text.HAL_UART_Init)
    HAL_UART_MspInit                         0x080013e1   Thumb Code   126  usart.o(.text.HAL_UART_MspInit)
    HAL_UART_RxCpltCallback                  0x0800145f   Thumb Code     2  stm32f4xx_hal_uart.o(.text.HAL_UART_RxCpltCallback)
    HAL_UART_Transmit                        0x08001461   Thumb Code   186  stm32f4xx_hal_uart.o(.text.HAL_UART_Transmit)
    HAL_UART_Transmit_IT                     0x0800151b   Thumb Code    62  stm32f4xx_hal_uart.o(.text.HAL_UART_Transmit_IT)
    HAL_UART_TxCpltCallback                  0x08001559   Thumb Code    30  main.o(.text.HAL_UART_TxCpltCallback)
    HardFault_Handler                        0x08001579   Thumb Code     2  stm32f4xx_it.o(.text.HardFault_Handler)
    ILI9341_DrawChar                         0x0800157d   Thumb Code   256  ili9341.o(.text.ILI9341_DrawChar)
    ILI9341_DrawPixel                        0x0800167d   Thumb Code   150  ili9341.o(.text.ILI9341_DrawPixel)
    ILI9341_FillScreen                       0x08001715   Thumb Code    56  ili9341.o(.text.ILI9341_FillScreen)
    ILI9341_Init                             0x0800174d   Thumb Code   162  ili9341.o(.text.ILI9341_Init)
    ILI9341_WriteString                      0x080017f1   Thumb Code    56  ili9341.o(.text.ILI9341_WriteString)
    InferEngine_Init                         0x08001829   Thumb Code   228  infer_engine.o(.text.InferEngine_Init)
    MX_CRC_Init                              0x08001999   Thumb Code    36  crc.o(.text.MX_CRC_Init)
    MX_GPIO_Init                             0x080019bd   Thumb Code   126  gpio.o(.text.MX_GPIO_Init)
    MX_SPI1_Init                             0x08001a3b   Thumb Code    68  spi.o(.text.MX_SPI1_Init)
    MX_USART2_UART_Init                      0x08001a7f   Thumb Code    58  usart.o(.text.MX_USART2_UART_Init)
    MemManage_Handler                        0x08001ab9   Thumb Code     2  stm32f4xx_it.o(.text.MemManage_Handler)
    NMI_Handler                              0x08001abd   Thumb Code     2  stm32f4xx_it.o(.text.NMI_Handler)
    PendSV_Handler                           0x08001abf   Thumb Code     2  stm32f4xx_it.o(.text.PendSV_Handler)
    RiskCalc_CalculateTTC                    0x08001ac1   Thumb Code    36  risk_calc.o(.text.RiskCalc_CalculateTTC)
    SVC_Handler                              0x08001c0d   Thumb Code     2  stm32f4xx_it.o(.text.SVC_Handler)
    SensorSim_CaptureDynamicFrame            0x08001c11   Thumb Code   224  sensor_sim.o(.text.SensorSim_CaptureDynamicFrame)
    SensorSim_NextScenario                   0x08001d01   Thumb Code    24  sensor_sim.o(.text.SensorSim_NextScenario)
    SysTick_Handler                          0x08001d19   Thumb Code     4  stm32f4xx_it.o(.text.SysTick_Handler)
    SystemClock_Config                       0x08001d1d   Thumb Code   146  main.o(.text.SystemClock_Config)
    SystemInit                               0x08001daf   Thumb Code    18  system_stm32f4xx.o(.text.SystemInit)
    UART_Print                               0x08001e1d   Thumb Code    32  main.o(.text.UART_Print)
    USART2_IRQHandler                        0x0800205d   Thumb Code    12  stm32f4xx_it.o(.text.USART2_IRQHandler)
    Update_GLCD_With_Frame                   0x08002069   Thumb Code    78  main.o(.text.Update_GLCD_With_Frame)
    UsageFault_Handler                       0x080020b9   Thumb Code     2  stm32f4xx_it.o(.text.UsageFault_Handler)
    ai_ob_model_create                       0x08002143   Thumb Code    34  ob_model.o(.text.ai_ob_model_create)
    ai_ob_model_data_params_get              0x08002165   Thumb Code    54  ob_model_data.o(.text.ai_ob_model_data_params_get)
    ai_ob_model_destroy                      0x0800219b   Thumb Code     4  ob_model.o(.text.ai_ob_model_destroy)
    ai_ob_model_get_error                    0x0800219f   Thumb Code     4  ob_model.o(.text.ai_ob_model_get_error)
    ai_ob_model_init                         0x080021a3   Thumb Code   624  ob_model.o(.text.ai_ob_model_init)
    main                                     0x08002415   Thumb Code   500  main.o(.text.main)
    __0snprintf$6                            0x080026a9   Thumb Code    48  printf6.o(i.__0snprintf$6)
    __1snprintf$6                            0x080026a9   Thumb Code     0  printf6.o(i.__0snprintf$6)
    __2snprintf                              0x080026a9   Thumb Code     0  printf6.o(i.__0snprintf$6)
    __ARM_fpclassifyf                        0x080026dd   Thumb Code    38  fpclassifyf.o(i.__ARM_fpclassifyf)
    __hardfp_expf                            0x08002839   Thumb Code   430  expf.o(i.__hardfp_expf)
    __mathlib_expf                           0x08002839   Thumb Code     0  expf.o(i.__hardfp_expf)
    __mathlib_flt_infnan                     0x08002a25   Thumb Code     6  funder.o(i.__mathlib_flt_infnan)
    __mathlib_flt_overflow                   0x08002a2d   Thumb Code    10  funder.o(i.__mathlib_flt_overflow)
    __mathlib_flt_underflow                  0x08002a3d   Thumb Code    10  funder.o(i.__mathlib_flt_underflow)
    __scatterload_copy                       0x08002a4d   Thumb Code    14  handlers.o(i.__scatterload_copy)
    __scatterload_null                       0x08002a5b   Thumb Code     2  handlers.o(i.__scatterload_null)
    __scatterload_zeroinit                   0x08002a5d   Thumb Code    14  handlers.o(i.__scatterload_zeroinit)
    __set_errno                              0x08002a6d   Thumb Code     6  errno.o(i.__set_errno)
    ai_array_get_byte_size                   0x080031a9   Thumb Code    40  ai_datatypes_format.o(i.ai_array_get_byte_size)
    ai_buffer_array_sane                     0x080031d1   Thumb Code    18  ai_platform.o(i.ai_buffer_array_sane)
    ai_buffer_get_size                       0x080031e5   Thumb Code    96  ai_platform.o(i.ai_buffer_get_size)
    ai_check_custom_types                    0x0800324d   Thumb Code    38  layers.o(i.ai_check_custom_types)
    ai_layers_destroy_all                    0x08003279   Thumb Code    54  layers.o(i.ai_layers_destroy_all)
    ai_layers_init_all                       0x080032af   Thumb Code    30  layers.o(i.ai_layers_init_all)
    ai_layers_post_init_all                  0x080032cd   Thumb Code    54  layers.o(i.ai_layers_post_init_all)
    ai_platform_bind_network_params          0x08003305   Thumb Code    38  ai_platform_interface.o(i.ai_platform_bind_network_params)
    ai_platform_context_acquire              0x08003331   Thumb Code    14  ai_platform_interface.o(i.ai_platform_context_acquire)
    ai_platform_get_activations_map          0x08003345   Thumb Code    38  ai_platform_interface.o(i.ai_platform_get_activations_map)
    ai_platform_get_weights_map              0x08003371   Thumb Code    36  ai_platform_interface.o(i.ai_platform_get_weights_map)
    ai_platform_network_create               0x08003399   Thumb Code   146  ai_platform_interface.o(i.ai_platform_network_create)
    ai_platform_network_destroy              0x08003435   Thumb Code    30  ai_platform_interface.o(i.ai_platform_network_destroy)
    ai_platform_network_get_error            0x08003459   Thumb Code    24  ai_platform_interface.o(i.ai_platform_network_get_error)
    ai_platform_network_init                 0x08003475   Thumb Code   262  ai_platform_interface.o(i.ai_platform_network_init)
    ai_platform_network_post_init            0x0800358d   Thumb Code    76  ai_platform_interface.o(i.ai_platform_network_post_init)
    ai_platform_network_set_error            0x080035dd   Thumb Code    12  ai_platform_interface.o(i.ai_platform_network_set_error)
    ai_version_get                           0x08003603   Thumb Code    12  ai_datatypes_internal.o(i.ai_version_get)
    core_get_error                           0x0800360f   Thumb Code    12  core_common.o(i.core_get_error)
    core_init                                0x0800361b   Thumb Code     4  core_common.o(i.core_init)
    core_set_error                           0x08003651   Thumb Code    26  core_common.o(i.core_set_error)
    forward_ap                               0x0800366b   Thumb Code   366  layers_pool_generic_float.o(i.forward_ap)
    forward_conv2d_if32of32wf32              0x080037d9   Thumb Code   492  layers_conv2d_generic_float.o(i.forward_conv2d_if32of32wf32)
    forward_conv2d_if32of32wf32_nl_pool      0x080039c5   Thumb Code   684  layers_conv2d_generic_float.o(i.forward_conv2d_if32of32wf32_nl_pool)
    forward_dense                            0x08003c71   Thumb Code   322  layers_conv2d_generic_float.o(i.forward_dense)
    forward_dw_if32of32wf32                  0x08003db9   Thumb Code   438  layers_conv2d_generic_float.o(i.forward_dw_if32of32wf32)
    forward_lite_conv2d_if32of32wf32         0x08003f71   Thumb Code   334  forward_lite_conv2d_if32of32wf32.o(i.forward_lite_conv2d_if32of32wf32)
    forward_lite_conv2d_if32of32wf32_pool    0x080040c5   Thumb Code   640  forward_lite_conv2d_if32of32wf32.o(i.forward_lite_conv2d_if32of32wf32_pool)
    forward_lite_dense_if32of32wf32          0x08004349   Thumb Code   148  lite_dense_if32.o(i.forward_lite_dense_if32of32wf32)
    forward_lite_dense_if32of32wf32_lut4     0x080043e1   Thumb Code   168  lite_dense_if32.o(i.forward_lite_dense_if32of32wf32_lut4)
    forward_lite_dense_if32of32wf32_lut8     0x0800448d   Thumb Code   168  lite_dense_if32.o(i.forward_lite_dense_if32of32wf32_lut8)
    forward_lite_dw_if32of32wf32             0x08004539   Thumb Code   186  forward_lite_conv2d_if32of32wf32.o(i.forward_lite_dw_if32of32wf32)
    forward_lite_nl_relu_generic_if32of32_kernel 0x080045f5   Thumb Code   168  lite_nl_relu_if32of32.o(i.forward_lite_nl_relu_generic_if32of32_kernel)
    forward_lite_nl_relu_if32of32            0x080046a1   Thumb Code    46  lite_nl_generic_float.o(i.forward_lite_nl_relu_if32of32)
    forward_relu                             0x080046d5   Thumb Code   202  layers_nl_generic_float.o(i.forward_relu)
    forward_sigmoid                          0x080047a5   Thumb Code    94  layers_nl_generic_float.o(i.forward_sigmoid)
    lite_decompress_ilutof32                 0x08004ab3   Thumb Code   124  lite_dense_if32.o(i.lite_decompress_ilutof32)
    nl_func_sigmoid_array_f32                0x08004b2f   Thumb Code    72  layers_nl_generic_float.o(i.nl_func_sigmoid_array_f32)
    pool_func_ap_kernel_array_f32            0x08004b79   Thumb Code   124  layers_pool_generic_float.o(i.pool_func_ap_kernel_array_f32)
    pool_func_mp_array_f32                   0x08004bf5   Thumb Code   420  forward_lite_pool_f32.o(i.pool_func_mp_array_f32)
    st_int8_copy                             0x08004d9d   Thumb Code   144  st_int8_fill.o(i.st_int8_copy)
    AHBPrescTable                            0x08004ed8   Data          16  system_stm32f4xx.o(.rodata.AHBPrescTable)
    APBPrescTable                            0x08004ee8   Data           8  system_stm32f4xx.o(.rodata.APBPrescTable)
    s_ob_model_weights_array_u64             0x080050a0   Data        3016  ob_model_data_params.o(.rodata.s_ob_model_weights_array_u64)
    Region$$Table$$Base                      0x08005d40   Number         0  anon$$obj.o(Region$$Table)
    Region$$Table$$Limit                     0x08005d60   Number         0  anon$$obj.o(Region$$Table)
    SystemCoreClock                          0x200006d4   Data           4  system_stm32f4xx.o(.data.SystemCoreClock)
    g_ob_model_data_map_activations          0x20000d74   Data          28  ob_model_data.o(.data.g_ob_model_data_map_activations)
    g_ob_model_data_map_weights              0x20000d90   Data          28  ob_model_data.o(.data.g_ob_model_data_map_weights)
    tx_flag                                  0x20000e24   Data           1  main.o(.data.tx_flag)
    uwTickFreq                               0x20000e25   Data           1  stm32f4xx_hal.o(.data.uwTickFreq)
    uwTickPrio                               0x20000e28   Data           4  stm32f4xx_hal.o(.data.uwTickPrio)
    hcrc                                     0x2000d410   Data           8  crc.o(.bss.hcrc)
    hspi1                                    0x2000d418   Data          88  spi.o(.bss.hspi1)
    huart2                                   0x2000d470   Data          68  usart.o(.bss.huart2)
    live_camera_frame                        0x2000d4b4   Data        9216  main.o(.bss.live_camera_frame)
    my_vehicle_state                         0x2000f8b4   Data          12  main.o(.bss.my_vehicle_state)
    probability                              0x2000f8c4   Data           1  main.o(.bss.probability)
    result_buffer                            0x2000f8c8   Data         200  infer_engine.o(.bss.result_buffer)
    tx_buffer                                0x2000f991   Data         300  main.o(.bss.tx_buffer)
    tx_flag_timeout                          0x2000fac0   Data           4  main.o(.bss.tx_flag_timeout)
    uwTick                                   0x2000fac4   Data           4  stm32f4xx_hal.o(.bss.uwTick)
    __initial_sp                             0x20011ac8   Data           0  startup_stm32f401xe.o(STACK)



==============================================================================

Memory Map of the image

  Image Entry point : 0x08000195

  Load Region LR_IROM1 (Base: 0x08000000, Size: 0x00006ba0, Max: 0x00080000, ABSOLUTE, COMPRESSED[0x000062a0])

    Execution Region ER_IROM1 (Exec base: 0x08000000, Load base: 0x08000000, Size: 0x00005d60, Max: 0x00080000, ABSOLUTE)

    Exec Addr    Load Addr    Size         Type   Attr      Idx    E Section Name        Object

    0x08000000   0x08000000   0x00000194   Data   RO            3    RESET               startup_stm32f401xe.o
    0x08000194   0x08000194   0x00000000   Code   RO         2437  * .ARM.Collect$$$$00000000  mc_w.l(entry.o)
    0x08000194   0x08000194   0x00000004   Code   RO         2777    .ARM.Collect$$$$00000001  mc_w.l(entry2.o)
    0x08000198   0x08000198   0x00000004   Code   RO         2780    .ARM.Collect$$$$00000004  mc_w.l(entry5.o)
    0x0800019c   0x0800019c   0x00000000   Code   RO         2782    .ARM.Collect$$$$00000008  mc_w.l(entry7b.o)
    0x0800019c   0x0800019c   0x00000000   Code   RO         2784    .ARM.Collect$$$$0000000A  mc_w.l(entry8b.o)
    0x0800019c   0x0800019c   0x00000008   Code   RO         2785    .ARM.Collect$$$$0000000B  mc_w.l(entry9a.o)
    0x080001a4   0x080001a4   0x00000000   Code   RO         2787    .ARM.Collect$$$$0000000D  mc_w.l(entry10a.o)
    0x080001a4   0x080001a4   0x00000000   Code   RO         2789    .ARM.Collect$$$$0000000F  mc_w.l(entry11a.o)
    0x080001a4   0x080001a4   0x00000004   Code   RO         2778    .ARM.Collect$$$$00002712  mc_w.l(entry2.o)
    0x080001a8   0x080001a8   0x00000024   Code   RO            4    .text               startup_stm32f401xe.o
    0x080001cc   0x080001cc   0x00000062   Code   RO         2440    .text               mc_w.l(uldiv.o)
    0x0800022e   0x0800022e   0x00000002   PAD
    0x08000230   0x08000230   0x00000024   Code   RO         2442    .text               mc_w.l(rand.o)
    0x08000254   0x08000254   0x00000024   Code   RO         2445    .text               mc_w.l(memcpya.o)
    0x08000278   0x08000278   0x00000024   Code   RO         2447    .text               mc_w.l(memseta.o)
    0x0800029c   0x0800029c   0x0000000e   Code   RO         2449    .text               mc_w.l(strlen.o)
    0x080002aa   0x080002aa   0x0000001a   Code   RO         2451    .text               mc_w.l(memcmp.o)
    0x080002c4   0x080002c4   0x0000002c   Code   RO         2801    .text               mc_w.l(uidiv.o)
    0x080002f0   0x080002f0   0x0000001e   Code   RO         2803    .text               mc_w.l(llshl.o)
    0x0800030e   0x0800030e   0x00000020   Code   RO         2805    .text               mc_w.l(llushr.o)
    0x0800032e   0x0800032e   0x00000000   Code   RO         2816    .text               mc_w.l(iusefp.o)
    0x0800032e   0x0800032e   0x00000002   PAD
    0x08000330   0x08000330   0x00000030   Code   RO         2833    .text               mc_w.l(init.o)
    0x08000360   0x08000360   0x00000056   Code   RO         2849    .text               mc_w.l(__dczerorl2.o)
    0x080003b6   0x080003b6   0x00000002   PAD
    0x080003b8   0x080003b8   0x00000002   Code   RO          101    .text.BusFault_Handler  stm32f4xx_it.o
    0x080003ba   0x080003ba   0x00000002   Code   RO          107    .text.DebugMon_Handler  stm32f4xx_it.o
    0x080003bc   0x080003bc   0x00000006   Code   RO          113    .text.EXTI0_IRQHandler  stm32f4xx_it.o
    0x080003c2   0x080003c2   0x00000002   PAD
    0x080003c4   0x080003c4   0x0000000a   Code   RO           15    .text.Error_Handler  main.o
    0x080003ce   0x080003ce   0x0000000c   Code   RO          884    .text.FSM_GetState  fsm_controller.o
    0x080003da   0x080003da   0x0000000e   Code   RO          880    .text.FSM_Init      fsm_controller.o
    0x080003e8   0x080003e8   0x00000068   Code   RO          882    .text.FSM_Update    fsm_controller.o
    0x08000450   0x08000450   0x00000020   Code   RO          155    .text.HAL_CRC_Init  stm32f4xx_hal_crc.o
    0x08000470   0x08000470   0x00000030   Code   RO           52    .text.HAL_CRC_MspInit  crc.o
    0x080004a0   0x080004a0   0x00000080   Code   RO          343    .text.HAL_DMA_Abort  stm32f4xx_hal_dma.o
    0x08000520   0x08000520   0x00000024   Code   RO          345    .text.HAL_DMA_Abort_IT  stm32f4xx_hal_dma.o
    0x08000544   0x08000544   0x00000028   Code   RO          504    .text.HAL_Delay     stm32f4xx_hal.o
    0x0800056c   0x0800056c   0x0000000a   Code   RO           19    .text.HAL_GPIO_EXTI_Callback  main.o
    0x08000576   0x08000576   0x00000016   Code   RO          309    .text.HAL_GPIO_EXTI_IRQHandler  stm32f4xx_hal_gpio.o
    0x0800058c   0x0800058c   0x00000198   Code   RO          297    .text.HAL_GPIO_Init  stm32f4xx_hal_gpio.o
    0x08000724   0x08000724   0x0000000a   Code   RO          303    .text.HAL_GPIO_WritePin  stm32f4xx_hal_gpio.o
    0x0800072e   0x0800072e   0x0000000c   Code   RO          496    .text.HAL_GetTick   stm32f4xx_hal.o
    0x0800073a   0x0800073a   0x0000001a   Code   RO          494    .text.HAL_IncTick   stm32f4xx_hal.o
    0x08000754   0x08000754   0x00000036   Code   RO          484    .text.HAL_Init      stm32f4xx_hal.o
    0x0800078a   0x0800078a   0x00000050   Code   RO          486    .text.HAL_InitTick  stm32f4xx_hal.o
    0x080007da   0x080007da   0x00000038   Code   RO          124    .text.HAL_MspInit   stm32f4xx_hal_msp.o
    0x08000812   0x08000812   0x00000020   Code   RO          442    .text.HAL_NVIC_EnableIRQ  stm32f4xx_hal_cortex.o
    0x08000832   0x08000832   0x00000056   Code   RO          440    .text.HAL_NVIC_SetPriority  stm32f4xx_hal_cortex.o
    0x08000888   0x08000888   0x00000020   Code   RO          438    .text.HAL_NVIC_SetPriorityGrouping  stm32f4xx_hal_cortex.o
    0x080008a8   0x080008a8   0x00000152   Code   RO          181    .text.HAL_RCC_ClockConfig  stm32f4xx_hal_rcc.o
    0x080009fa   0x080009fa   0x00000026   Code   RO          193    .text.HAL_RCC_GetPCLK1Freq  stm32f4xx_hal_rcc.o
    0x08000a20   0x08000a20   0x00000026   Code   RO          195    .text.HAL_RCC_GetPCLK2Freq  stm32f4xx_hal_rcc.o
    0x08000a46   0x08000a46   0x00000002   PAD
    0x08000a48   0x08000a48   0x0000006a   Code   RO          183    .text.HAL_RCC_GetSysClockFreq  stm32f4xx_hal_rcc.o
    0x08000ab2   0x08000ab2   0x00000002   PAD
    0x08000ab4   0x08000ab4   0x00000360   Code   RO          179    .text.HAL_RCC_OscConfig  stm32f4xx_hal_rcc.o
    0x08000e14   0x08000e14   0x000000b0   Code   RO          575    .text.HAL_SPI_Init  stm32f4xx_hal_spi.o
    0x08000ec4   0x08000ec4   0x0000006e   Code   RO           67    .text.HAL_SPI_MspInit  spi.o
    0x08000f32   0x08000f32   0x00000002   PAD
    0x08000f34   0x08000f34   0x00000174   Code   RO          583    .text.HAL_SPI_Transmit  stm32f4xx_hal_spi.o
    0x080010a8   0x080010a8   0x0000002c   Code   RO          450    .text.HAL_SYSTICK_Config  stm32f4xx_hal_cortex.o
    0x080010d4   0x080010d4   0x00000002   Code   RO          781    .text.HAL_UARTEx_RxEventCallback  stm32f4xx_hal_uart.o
    0x080010d6   0x080010d6   0x00000002   Code   RO          779    .text.HAL_UART_ErrorCallback  stm32f4xx_hal_uart.o
    0x080010d8   0x080010d8   0x000002ac   Code   RO          773    .text.HAL_UART_IRQHandler  stm32f4xx_hal_uart.o
    0x08001384   0x08001384   0x0000005c   Code   RO          693    .text.HAL_UART_Init  stm32f4xx_hal_uart.o
    0x080013e0   0x080013e0   0x0000007e   Code   RO           82    .text.HAL_UART_MspInit  usart.o
    0x0800145e   0x0800145e   0x00000002   Code   RO          787    .text.HAL_UART_RxCpltCallback  stm32f4xx_hal_uart.o
    0x08001460   0x08001460   0x000000ba   Code   RO          709    .text.HAL_UART_Transmit  stm32f4xx_hal_uart.o
    0x0800151a   0x0800151a   0x0000003e   Code   RO          715    .text.HAL_UART_Transmit_IT  stm32f4xx_hal_uart.o
    0x08001558   0x08001558   0x0000001e   Code   RO           23    .text.HAL_UART_TxCpltCallback  main.o
    0x08001576   0x08001576   0x00000002   PAD
    0x08001578   0x08001578   0x00000002   Code   RO           97    .text.HardFault_Handler  stm32f4xx_it.o
    0x0800157a   0x0800157a   0x00000002   PAD
    0x0800157c   0x0800157c   0x00000100   Code   RO          142    .text.ILI9341_DrawChar  ili9341.o
    0x0800167c   0x0800167c   0x00000096   Code   RO          138    .text.ILI9341_DrawPixel  ili9341.o
    0x08001712   0x08001712   0x00000002   PAD
    0x08001714   0x08001714   0x00000038   Code   RO          140    .text.ILI9341_FillScreen  ili9341.o
    0x0800174c   0x0800174c   0x000000a2   Code   RO          132    .text.ILI9341_Init  ili9341.o
    0x080017ee   0x080017ee   0x00000002   PAD
    0x080017f0   0x080017f0   0x00000038   Code   RO          144    .text.ILI9341_WriteString  ili9341.o
    0x08001828   0x08001828   0x00000170   Code   RO          852    .text.InferEngine_Init  infer_engine.o
    0x08001998   0x08001998   0x00000024   Code   RO           50    .text.MX_CRC_Init   crc.o
    0x080019bc   0x080019bc   0x0000007e   Code   RO           42    .text.MX_GPIO_Init  gpio.o
    0x08001a3a   0x08001a3a   0x00000044   Code   RO           65    .text.MX_SPI1_Init  spi.o
    0x08001a7e   0x08001a7e   0x0000003a   Code   RO           80    .text.MX_USART2_UART_Init  usart.o
    0x08001ab8   0x08001ab8   0x00000002   Code   RO           99    .text.MemManage_Handler  stm32f4xx_it.o
    0x08001aba   0x08001aba   0x00000002   PAD
    0x08001abc   0x08001abc   0x00000002   Code   RO           95    .text.NMI_Handler   stm32f4xx_it.o
    0x08001abe   0x08001abe   0x00000002   Code   RO          109    .text.PendSV_Handler  stm32f4xx_it.o
    0x08001ac0   0x08001ac0   0x00000024   Code   RO          872    .text.RiskCalc_CalculateTTC  risk_calc.o
    0x08001ae4   0x08001ae4   0x00000064   Code   RO          585    .text.SPI_EndRxTxTransaction  stm32f4xx_hal_spi.o
    0x08001b48   0x08001b48   0x000000c4   Code   RO          683    .text.SPI_WaitFlagStateUntilTimeout  stm32f4xx_hal_spi.o
    0x08001c0c   0x08001c0c   0x00000002   Code   RO          105    .text.SVC_Handler   stm32f4xx_it.o
    0x08001c0e   0x08001c0e   0x00000002   PAD
    0x08001c10   0x08001c10   0x000000f0   Code   RO          838    .text.SensorSim_CaptureDynamicFrame  sensor_sim.o
    0x08001d00   0x08001d00   0x00000018   Code   RO          836    .text.SensorSim_NextScenario  sensor_sim.o
    0x08001d18   0x08001d18   0x00000004   Code   RO          111    .text.SysTick_Handler  stm32f4xx_it.o
    0x08001d1c   0x08001d1c   0x00000092   Code   RO           13    .text.SystemClock_Config  main.o
    0x08001dae   0x08001dae   0x00000012   Code   RO          817    .text.SystemInit    system_stm32f4xx.o
    0x08001dc0   0x08001dc0   0x0000000c   Code   RO          777    .text.UART_DMAAbortOnError  stm32f4xx_hal_uart.o
    0x08001dcc   0x08001dcc   0x00000050   Code   RO          739    .text.UART_EndRxTransfer  stm32f4xx_hal_uart.o
    0x08001e1c   0x08001e1c   0x00000020   Code   RO           21    .text.UART_Print    main.o
    0x08001e3c   0x08001e3c   0x000000c2   Code   RO          775    .text.UART_Receive_IT  stm32f4xx_hal_uart.o
    0x08001efe   0x08001efe   0x000000de   Code   RO          697    .text.UART_SetConfig  stm32f4xx_hal_uart.o
    0x08001fdc   0x08001fdc   0x00000080   Code   RO          711    .text.UART_WaitOnFlagUntilTimeout  stm32f4xx_hal_uart.o
    0x0800205c   0x0800205c   0x0000000c   Code   RO          115    .text.USART2_IRQHandler  stm32f4xx_it.o
    0x08002068   0x08002068   0x0000004e   Code   RO           17    .text.Update_GLCD_With_Frame  main.o
    0x080020b6   0x080020b6   0x00000002   PAD
    0x080020b8   0x080020b8   0x00000002   Code   RO          103    .text.UsageFault_Handler  stm32f4xx_it.o
    0x080020ba   0x080020ba   0x00000044   Code   RO          134    .text.WriteCmd      ili9341.o
    0x080020fe   0x080020fe   0x00000044   Code   RO          136    .text.WriteData     ili9341.o
    0x08002142   0x08002142   0x00000022   Code   RO          910    .text.ai_ob_model_create  ob_model.o
    0x08002164   0x08002164   0x00000036   Code   RO         1144    .text.ai_ob_model_data_params_get  ob_model_data.o
    0x0800219a   0x0800219a   0x00000004   Code   RO          920    .text.ai_ob_model_destroy  ob_model.o
    0x0800219e   0x0800219e   0x00000004   Code   RO          908    .text.ai_ob_model_get_error  ob_model.o
    0x080021a2   0x080021a2   0x00000270   Code   RO          914    .text.ai_ob_model_init  ob_model.o
    0x08002412   0x08002412   0x00000002   PAD
    0x08002414   0x08002414   0x00000294   Code   RO           11    .text.main          main.o
    0x080026a8   0x080026a8   0x00000034   Code   RO         2611    i.__0snprintf$6     mc_w.l(printf6.o)
    0x080026dc   0x080026dc   0x00000026   Code   RO         2752    i.__ARM_fpclassifyf  m_wm.l(fpclassifyf.o)
    0x08002702   0x08002702   0x00000002   PAD
    0x08002704   0x08002704   0x00000134   Code   RO         1713    i.__ai_math_dot_array  NetworkRuntime1000_CM4_Keil.lib(lite_dense_if32.o)
    0x08002838   0x08002838   0x000001ec   Code   RO         2376    i.__hardfp_expf     m_wm.l(expf.o)
    0x08002a24   0x08002a24   0x00000006   Code   RO         2755    i.__mathlib_flt_infnan  m_wm.l(funder.o)
    0x08002a2a   0x08002a2a   0x00000002   PAD
    0x08002a2c   0x08002a2c   0x00000010   Code   RO         2758    i.__mathlib_flt_overflow  m_wm.l(funder.o)
    0x08002a3c   0x08002a3c   0x00000010   Code   RO         2760    i.__mathlib_flt_underflow  m_wm.l(funder.o)
    0x08002a4c   0x08002a4c   0x0000000e   Code   RO         2843    i.__scatterload_copy  mc_w.l(handlers.o)
    0x08002a5a   0x08002a5a   0x00000002   Code   RO         2844    i.__scatterload_null  mc_w.l(handlers.o)
    0x08002a5c   0x08002a5c   0x0000000e   Code   RO         2845    i.__scatterload_zeroinit  mc_w.l(handlers.o)
    0x08002a6a   0x08002a6a   0x00000002   PAD
    0x08002a6c   0x08002a6c   0x0000000c   Code   RO         2811    i.__set_errno       mc_w.l(errno.o)
    0x08002a78   0x08002a78   0x00000078   Code   RO         1667    i._final_pooling_buffer_reorder  NetworkRuntime1000_CM4_Keil.lib(forward_lite_conv2d_if32of32wf32.o)
    0x08002af0   0x08002af0   0x00000038   Code   RO         1295    i._forward_lite_nl_relu_thresholded_if32of32  NetworkRuntime1000_CM4_Keil.lib(layers_nl_generic_float.o)
    0x08002b28   0x08002b28   0x00000020   Code   RO         1584    i._get_lut_size     NetworkRuntime1000_CM4_Keil.lib(ai_datatypes_format.o)
    0x08002b48   0x08002b48   0x0000012c   Code   RO         1714    i._lite_dict4_dot_array_f32  NetworkRuntime1000_CM4_Keil.lib(lite_dense_if32.o)
    0x08002c74   0x08002c74   0x000000e8   Code   RO         1715    i._lite_dict8_dot_array_f32  NetworkRuntime1000_CM4_Keil.lib(lite_dense_if32.o)
    0x08002d5c   0x08002d5c   0x0000004c   Code   RO         1185    i._platform_ai_buffer_array_copy  NetworkRuntime1000_CM4_Keil.lib(ai_platform_interface.o)
    0x08002da8   0x08002da8   0x00000050   Code   RO         1186    i._platform_get_table_map_from_buffer  NetworkRuntime1000_CM4_Keil.lib(ai_platform_interface.o)
    0x08002df8   0x08002df8   0x00000044   Code   RO         1187    i._platform_get_table_map_from_buffer_array  NetworkRuntime1000_CM4_Keil.lib(ai_platform_interface.o)
    0x08002e3c   0x08002e3c   0x00000014   Code   RO         1188    i._platform_network_buffers_signature_valid  NetworkRuntime1000_CM4_Keil.lib(ai_platform_interface.o)
    0x08002e50   0x08002e50   0x000002f0   Code   RO         2617    i._printf_core      mc_w.l(printf6.o)
    0x08003140   0x08003140   0x00000024   Code   RO         2618    i._printf_post_padding  mc_w.l(printf6.o)
    0x08003164   0x08003164   0x0000002e   Code   RO         2619    i._printf_pre_padding  mc_w.l(printf6.o)
    0x08003192   0x08003192   0x00000016   Code   RO         2620    i._snputc           mc_w.l(printf6.o)
    0x080031a8   0x080031a8   0x00000028   Code   RO         1589    i.ai_array_get_byte_size  NetworkRuntime1000_CM4_Keil.lib(ai_datatypes_format.o)
    0x080031d0   0x080031d0   0x00000012   Code   RO         1171    i.ai_buffer_array_sane  NetworkRuntime1000_CM4_Keil.lib(ai_platform.o)
    0x080031e2   0x080031e2   0x00000002   PAD
    0x080031e4   0x080031e4   0x00000068   Code   RO         1173    i.ai_buffer_get_size  NetworkRuntime1000_CM4_Keil.lib(ai_platform.o)
    0x0800324c   0x0800324c   0x0000002c   Code   RO         1645    i.ai_check_custom_types  NetworkRuntime1000_CM4_Keil.lib(layers.o)
    0x08003278   0x08003278   0x00000036   Code   RO         1648    i.ai_layers_destroy_all  NetworkRuntime1000_CM4_Keil.lib(layers.o)
    0x080032ae   0x080032ae   0x0000001e   Code   RO         1650    i.ai_layers_init_all  NetworkRuntime1000_CM4_Keil.lib(layers.o)
    0x080032cc   0x080032cc   0x00000036   Code   RO         1651    i.ai_layers_post_init_all  NetworkRuntime1000_CM4_Keil.lib(layers.o)
    0x08003302   0x08003302   0x00000002   PAD
    0x08003304   0x08003304   0x0000002c   Code   RO         1196    i.ai_platform_bind_network_params  NetworkRuntime1000_CM4_Keil.lib(ai_platform_interface.o)
    0x08003330   0x08003330   0x00000014   Code   RO         1197    i.ai_platform_context_acquire  NetworkRuntime1000_CM4_Keil.lib(ai_platform_interface.o)
    0x08003344   0x08003344   0x0000002c   Code   RO         1199    i.ai_platform_get_activations_map  NetworkRuntime1000_CM4_Keil.lib(ai_platform_interface.o)
    0x08003370   0x08003370   0x00000028   Code   RO         1200    i.ai_platform_get_weights_map  NetworkRuntime1000_CM4_Keil.lib(ai_platform_interface.o)
    0x08003398   0x08003398   0x0000009c   Code   RO         1203    i.ai_platform_network_create  NetworkRuntime1000_CM4_Keil.lib(ai_platform_interface.o)
    0x08003434   0x08003434   0x00000024   Code   RO         1204    i.ai_platform_network_destroy  NetworkRuntime1000_CM4_Keil.lib(ai_platform_interface.o)
    0x08003458   0x08003458   0x0000001c   Code   RO         1205    i.ai_platform_network_get_error  NetworkRuntime1000_CM4_Keil.lib(ai_platform_interface.o)
    0x08003474   0x08003474   0x00000118   Code   RO         1206    i.ai_platform_network_init  NetworkRuntime1000_CM4_Keil.lib(ai_platform_interface.o)
    0x0800358c   0x0800358c   0x00000050   Code   RO         1207    i.ai_platform_network_post_init  NetworkRuntime1000_CM4_Keil.lib(ai_platform_interface.o)
    0x080035dc   0x080035dc   0x0000000c   Code   RO         1209    i.ai_platform_network_set_error  NetworkRuntime1000_CM4_Keil.lib(ai_platform_interface.o)
    0x080035e8   0x080035e8   0x0000001a   Code   RO         1296    i.ai_shape_get_size  NetworkRuntime1000_CM4_Keil.lib(layers_nl_generic_float.o)
    0x08003602   0x08003602   0x0000000c   Code   RO         1614    i.ai_version_get    NetworkRuntime1000_CM4_Keil.lib(ai_datatypes_internal.o)
    0x0800360e   0x0800360e   0x0000000c   Code   RO         1624    i.core_get_error    NetworkRuntime1000_CM4_Keil.lib(core_common.o)
    0x0800361a   0x0800361a   0x00000004   Code   RO         1625    i.core_init         NetworkRuntime1000_CM4_Keil.lib(core_common.o)
    0x0800361e   0x0800361e   0x00000010   Code   RO         1259    i.core_nl_get_params_byte_size  NetworkRuntime1000_CM4_Keil.lib(layers_conv2d_generic_float.o)
    0x0800362e   0x0800362e   0x00000012   Code   RO         1260    i.core_nl_get_params_ptr  NetworkRuntime1000_CM4_Keil.lib(layers_conv2d_generic_float.o)
    0x08003640   0x08003640   0x00000010   Code   RO         1261    i.core_nl_get_params_stride  NetworkRuntime1000_CM4_Keil.lib(layers_conv2d_generic_float.o)
    0x08003650   0x08003650   0x0000001a   Code   RO         1626    i.core_set_error    NetworkRuntime1000_CM4_Keil.lib(core_common.o)
    0x0800366a   0x0800366a   0x0000016e   Code   RO         1480    i.forward_ap        NetworkRuntime1000_CM4_Keil.lib(layers_pool_generic_float.o)
    0x080037d8   0x080037d8   0x000001ec   Code   RO         1262    i.forward_conv2d_if32of32wf32  NetworkRuntime1000_CM4_Keil.lib(layers_conv2d_generic_float.o)
    0x080039c4   0x080039c4   0x000002ac   Code   RO         1265    i.forward_conv2d_if32of32wf32_nl_pool  NetworkRuntime1000_CM4_Keil.lib(layers_conv2d_generic_float.o)
    0x08003c70   0x08003c70   0x00000148   Code   RO         1266    i.forward_dense     NetworkRuntime1000_CM4_Keil.lib(layers_conv2d_generic_float.o)
    0x08003db8   0x08003db8   0x000001b6   Code   RO         1267    i.forward_dw_if32of32wf32  NetworkRuntime1000_CM4_Keil.lib(layers_conv2d_generic_float.o)
    0x08003f6e   0x08003f6e   0x00000002   PAD
    0x08003f70   0x08003f70   0x00000154   Code   RO         1668    i.forward_lite_conv2d_if32of32wf32  NetworkRuntime1000_CM4_Keil.lib(forward_lite_conv2d_if32of32wf32.o)
    0x080040c4   0x080040c4   0x00000284   Code   RO         1671    i.forward_lite_conv2d_if32of32wf32_pool  NetworkRuntime1000_CM4_Keil.lib(forward_lite_conv2d_if32of32wf32.o)
    0x08004348   0x08004348   0x00000098   Code   RO         1716    i.forward_lite_dense_if32of32wf32  NetworkRuntime1000_CM4_Keil.lib(lite_dense_if32.o)
    0x080043e0   0x080043e0   0x000000ac   Code   RO         1717    i.forward_lite_dense_if32of32wf32_lut4  NetworkRuntime1000_CM4_Keil.lib(lite_dense_if32.o)
    0x0800448c   0x0800448c   0x000000ac   Code   RO         1718    i.forward_lite_dense_if32of32wf32_lut8  NetworkRuntime1000_CM4_Keil.lib(lite_dense_if32.o)
    0x08004538   0x08004538   0x000000ba   Code   RO         1672    i.forward_lite_dw_if32of32wf32  NetworkRuntime1000_CM4_Keil.lib(forward_lite_conv2d_if32of32wf32.o)
    0x080045f2   0x080045f2   0x00000002   PAD
    0x080045f4   0x080045f4   0x000000ac   Code   RO         1704    i.forward_lite_nl_relu_generic_if32of32_kernel  NetworkRuntime1000_CM4_Keil.lib(lite_nl_relu_if32of32.o)
    0x080046a0   0x080046a0   0x00000034   Code   RO         1520    i.forward_lite_nl_relu_if32of32  NetworkRuntime1000_CM4_Keil.lib(lite_nl_generic_float.o)
    0x080046d4   0x080046d4   0x000000d0   Code   RO         1322    i.forward_relu      NetworkRuntime1000_CM4_Keil.lib(layers_nl_generic_float.o)
    0x080047a4   0x080047a4   0x0000005e   Code   RO         1327    i.forward_sigmoid   NetworkRuntime1000_CM4_Keil.lib(layers_nl_generic_float.o)
    0x08004802   0x08004802   0x00000002   PAD
    0x08004804   0x08004804   0x0000012c   Code   RO         1674    i.fw_lite_conv2d_kernel_depthwise_f32  NetworkRuntime1000_CM4_Keil.lib(forward_lite_conv2d_if32of32wf32.o)
    0x08004930   0x08004930   0x00000182   Code   RO         1676    i.fw_lite_conv2d_kernel_simple_opt_f32  NetworkRuntime1000_CM4_Keil.lib(forward_lite_conv2d_if32of32wf32.o)
    0x08004ab2   0x08004ab2   0x0000007c   Code   RO         1719    i.lite_decompress_ilutof32  NetworkRuntime1000_CM4_Keil.lib(lite_dense_if32.o)
    0x08004b2e   0x08004b2e   0x00000048   Code   RO         1371    i.nl_func_sigmoid_array_f32  NetworkRuntime1000_CM4_Keil.lib(layers_nl_generic_float.o)
    0x08004b76   0x08004b76   0x00000002   PAD
    0x08004b78   0x08004b78   0x0000007c   Code   RO         1482    i.pool_func_ap_kernel_array_f32  NetworkRuntime1000_CM4_Keil.lib(layers_pool_generic_float.o)
    0x08004bf4   0x08004bf4   0x000001a8   Code   RO         1489    i.pool_func_mp_array_f32  NetworkRuntime1000_CM4_Keil.lib(forward_lite_pool_f32.o)
    0x08004d9c   0x08004d9c   0x00000090   Code   RO         2267    i.st_int8_copy      NetworkRuntime1000_CM4_Keil.lib(st_int8_fill.o)
    0x08004e2c   0x08004e2c   0x00000068   Data   RO         1218    .constdata          NetworkRuntime1000_CM4_Keil.lib(ai_platform_interface.o)
    0x08004e94   0x08004e94   0x00000030   Data   RO         2379    .constdata          m_wm.l(expf.o)
    0x08004ec4   0x08004ec4   0x00000004   PAD
    0x08004ec8   0x08004ec8   0x00000008   Data   RO         1150    .rodata..L__const.ai_ob_model_data_params_get.map_activations  ob_model_data.o
    0x08004ed0   0x08004ed0   0x00000008   Data   RO         1151    .rodata..L__const.ai_ob_model_data_params_get.map_weights  ob_model_data.o
    0x08004ed8   0x08004ed8   0x00000010   Data   RO          822    .rodata.AHBPrescTable  system_stm32f4xx.o
    0x08004ee8   0x08004ee8   0x00000008   Data   RO          823    .rodata.APBPrescTable  system_stm32f4xx.o
    0x08004ef0   0x08004ef0   0x00000008   Data   RO          951    .rodata._conv1_conv1_0_Conv_output_0_chain  ob_model.o
    0x08004ef8   0x08004ef8   0x00000008   Data   RO          962    .rodata._conv2_Relu_output_0_chain  ob_model.o
    0x08004f00   0x08004f00   0x00000008   Data   RO          955    .rodata._conv2_depthwise_Conv_output_0_chain  ob_model.o
    0x08004f08   0x08004f08   0x00000008   Data   RO          959    .rodata._conv2_pointwise_Conv_output_0_chain  ob_model.o
    0x08004f10   0x08004f10   0x00000008   Data   RO          970    .rodata._conv3_Relu_output_0_chain  ob_model.o
    0x08004f18   0x08004f18   0x00000008   Data   RO          963    .rodata._conv3_depthwise_Conv_output_0_chain  ob_model.o
    0x08004f20   0x08004f20   0x00000008   Data   RO          967    .rodata._conv3_pointwise_Conv_output_0_chain  ob_model.o
    0x08004f28   0x08004f28   0x00000008   Data   RO          976    .rodata._fc_Gemm_output_0_chain  ob_model.o
    0x08004f30   0x08004f30   0x00000008   Data   RO          972    .rodata._gap_GlobalAveragePool_output_0_chain  ob_model.o
    0x08004f38   0x08004f38   0x00000154   Data   RO          146    .rodata.font5x7     ili9341.o
    0x0800508c   0x0800508c   0x00000008   Data   RO          977    .rodata.prob_out_chain  ob_model.o
    0x08005094   0x08005094   0x0000000c   PAD
    0x080050a0   0x080050a0   0x00000bc8   Data   RO         1161    .rodata.s_ob_model_weights_array_u64  ob_model_data_params.o
    0x08005c68   0x08005c68   0x00000048   Data   RO          843    .rodata.str1.1      sensor_sim.o
    0x08005cb0   0x08005cb0   0x0000008d   Data   RO          858    .rodata.str1.1      infer_engine.o
    0x08005d3d   0x08005d3d   0x00000003   PAD
    0x08005d40   0x08005d40   0x00000020   Data   RO         2842    Region$$Table       anon$$obj.o


    Execution Region RW_RAM (Exec base: 0x20000000, Load base: 0x08005d60, Size: 0x00011ac8, Max: 0x00018000, ABSOLUTE, COMPRESSED[0x00000540])

    Exec Addr    Load Addr    Size         Type   Attr      Idx    E Section Name        Object

    0x20000000   COMPRESSED   0x00000004   Data   RW         2443    .data               mc_w.l(rand.o)
    0x20000004   COMPRESSED   0x00000004   Data   RW         2812    .data               mc_w.l(errno.o)
    0x20000008   COMPRESSED   0x00000010   Data   RW          927    .data..compoundliteral  ob_model.o
    0x20000018   COMPRESSED   0x00000010   Data   RW         1146    .data..compoundliteral  ob_model_data.o
    0x20000028   COMPRESSED   0x00000010   Data   RW         1148    .data..compoundliteral.1  ob_model_data.o
    0x20000038   COMPRESSED   0x00000010   Data   RW         1049    .data..compoundliteral.100  ob_model.o
    0x20000048   COMPRESSED   0x00000010   Data   RW         1052    .data..compoundliteral.102  ob_model.o
    0x20000058   COMPRESSED   0x00000010   Data   RW         1053    .data..compoundliteral.103  ob_model.o
    0x20000068   COMPRESSED   0x00000010   Data   RW         1056    .data..compoundliteral.105  ob_model.o
    0x20000078   COMPRESSED   0x00000010   Data   RW         1057    .data..compoundliteral.106  ob_model.o
    0x20000088   COMPRESSED   0x00000004   Data   RW         1060    .data..compoundliteral.108  ob_model.o
    0x2000008c   COMPRESSED   0x00000004   Data   RW         1061    .data..compoundliteral.109  ob_model.o
    0x20000090   COMPRESSED   0x00000030   Data   RW         1064    .data..compoundliteral.112  ob_model.o
    0x200000c0   COMPRESSED   0x00000010   Data   RW         1065    .data..compoundliteral.113  ob_model.o
    0x200000d0   COMPRESSED   0x00000010   Data   RW         1066    .data..compoundliteral.114  ob_model.o
    0x200000e0   COMPRESSED   0x00000004   Data   RW         1069    .data..compoundliteral.116  ob_model.o
    0x200000e4   COMPRESSED   0x00000004   Data   RW         1070    .data..compoundliteral.117  ob_model.o
    0x200000e8   COMPRESSED   0x0000000c   Data   RW         1071    .data..compoundliteral.118  ob_model.o
    0x200000f4   COMPRESSED   0x00000008   Data   RW         1072    .data..compoundliteral.119  ob_model.o
    0x200000fc   COMPRESSED   0x0000000c   Data   RW          935    .data..compoundliteral.12  ob_model.o
    0x20000108   COMPRESSED   0x00000030   Data   RW         1073    .data..compoundliteral.120  ob_model.o
    0x20000138   COMPRESSED   0x00000010   Data   RW         1074    .data..compoundliteral.121  ob_model.o
    0x20000148   COMPRESSED   0x00000010   Data   RW         1075    .data..compoundliteral.122  ob_model.o
    0x20000158   COMPRESSED   0x00000010   Data   RW         1078    .data..compoundliteral.124  ob_model.o
    0x20000168   COMPRESSED   0x00000010   Data   RW         1079    .data..compoundliteral.125  ob_model.o
    0x20000178   COMPRESSED   0x00000010   Data   RW         1082    .data..compoundliteral.127  ob_model.o
    0x20000188   COMPRESSED   0x00000010   Data   RW         1083    .data..compoundliteral.128  ob_model.o
    0x20000198   COMPRESSED   0x00000004   Data   RW          936    .data..compoundliteral.13  ob_model.o
    0x2000019c   COMPRESSED   0x00000010   Data   RW         1086    .data..compoundliteral.130  ob_model.o
    0x200001ac   COMPRESSED   0x00000010   Data   RW         1087    .data..compoundliteral.131  ob_model.o
    0x200001bc   COMPRESSED   0x00000004   Data   RW         1090    .data..compoundliteral.133  ob_model.o
    0x200001c0   COMPRESSED   0x00000004   Data   RW         1091    .data..compoundliteral.134  ob_model.o
    0x200001c4   COMPRESSED   0x0000000c   Data   RW         1092    .data..compoundliteral.135  ob_model.o
    0x200001d0   COMPRESSED   0x00000030   Data   RW         1094    .data..compoundliteral.137  ob_model.o
    0x20000200   COMPRESSED   0x00000010   Data   RW         1095    .data..compoundliteral.138  ob_model.o
    0x20000210   COMPRESSED   0x00000010   Data   RW         1096    .data..compoundliteral.139  ob_model.o
    0x20000220   COMPRESSED   0x00000010   Data   RW         1099    .data..compoundliteral.141  ob_model.o
    0x20000230   COMPRESSED   0x00000010   Data   RW         1100    .data..compoundliteral.142  ob_model.o
    0x20000240   COMPRESSED   0x00000010   Data   RW         1103    .data..compoundliteral.144  ob_model.o
    0x20000250   COMPRESSED   0x00000010   Data   RW         1104    .data..compoundliteral.145  ob_model.o
    0x20000260   COMPRESSED   0x00000004   Data   RW         1107    .data..compoundliteral.147  ob_model.o
    0x20000264   COMPRESSED   0x00000004   Data   RW         1108    .data..compoundliteral.148  ob_model.o
    0x20000268   COMPRESSED   0x0000000c   Data   RW         1109    .data..compoundliteral.149  ob_model.o
    0x20000274   COMPRESSED   0x00000008   Data   RW         1110    .data..compoundliteral.150  ob_model.o
    0x2000027c   COMPRESSED   0x00000030   Data   RW         1111    .data..compoundliteral.151  ob_model.o
    0x200002ac   COMPRESSED   0x00000010   Data   RW         1112    .data..compoundliteral.152  ob_model.o
    0x200002bc   COMPRESSED   0x00000010   Data   RW         1113    .data..compoundliteral.153  ob_model.o
    0x200002cc   COMPRESSED   0x00000010   Data   RW         1116    .data..compoundliteral.155  ob_model.o
    0x200002dc   COMPRESSED   0x00000010   Data   RW         1117    .data..compoundliteral.156  ob_model.o
    0x200002ec   COMPRESSED   0x00000010   Data   RW         1120    .data..compoundliteral.158  ob_model.o
    0x200002fc   COMPRESSED   0x00000010   Data   RW         1121    .data..compoundliteral.159  ob_model.o
    0x2000030c   COMPRESSED   0x00000010   Data   RW         1124    .data..compoundliteral.161  ob_model.o
    0x2000031c   COMPRESSED   0x00000010   Data   RW         1125    .data..compoundliteral.162  ob_model.o
    0x2000032c   COMPRESSED   0x0000000c   Data   RW          940    .data..compoundliteral.17  ob_model.o
    0x20000338   COMPRESSED   0x00000018   Data   RW          941    .data..compoundliteral.18  ob_model.o
    0x20000350   COMPRESSED   0x00000010   Data   RW          943    .data..compoundliteral.20  ob_model.o
    0x20000360   COMPRESSED   0x00000010   Data   RW          944    .data..compoundliteral.21  ob_model.o
    0x20000370   COMPRESSED   0x00000010   Data   RW          947    .data..compoundliteral.23  ob_model.o
    0x20000380   COMPRESSED   0x00000010   Data   RW          948    .data..compoundliteral.24  ob_model.o
    0x20000390   COMPRESSED   0x00000010   Data   RW          952    .data..compoundliteral.26  ob_model.o
    0x200003a0   COMPRESSED   0x00000010   Data   RW          956    .data..compoundliteral.29  ob_model.o
    0x200003b0   COMPRESSED   0x00000010   Data   RW          964    .data..compoundliteral.33  ob_model.o
    0x200003c0   COMPRESSED   0x00000004   Data   RW          978    .data..compoundliteral.39  ob_model.o
    0x200003c4   COMPRESSED   0x00000004   Data   RW          979    .data..compoundliteral.40  ob_model.o
    0x200003c8   COMPRESSED   0x00000030   Data   RW          982    .data..compoundliteral.43  ob_model.o
    0x200003f8   COMPRESSED   0x00000010   Data   RW          983    .data..compoundliteral.44  ob_model.o
    0x20000408   COMPRESSED   0x00000010   Data   RW          984    .data..compoundliteral.45  ob_model.o
    0x20000418   COMPRESSED   0x00000004   Data   RW          987    .data..compoundliteral.47  ob_model.o
    0x2000041c   COMPRESSED   0x00000004   Data   RW          988    .data..compoundliteral.48  ob_model.o
    0x20000420   COMPRESSED   0x00000008   Data   RW          989    .data..compoundliteral.49  ob_model.o
    0x20000428   COMPRESSED   0x0000001c   Data   RW          928    .data..compoundliteral.5  ob_model.o
    0x20000444   COMPRESSED   0x00000030   Data   RW          991    .data..compoundliteral.51  ob_model.o
    0x20000474   COMPRESSED   0x00000010   Data   RW          992    .data..compoundliteral.52  ob_model.o
    0x20000484   COMPRESSED   0x00000010   Data   RW          993    .data..compoundliteral.53  ob_model.o
    0x20000494   COMPRESSED   0x00000010   Data   RW          996    .data..compoundliteral.55  ob_model.o
    0x200004a4   COMPRESSED   0x00000010   Data   RW          997    .data..compoundliteral.56  ob_model.o
    0x200004b4   COMPRESSED   0x00000010   Data   RW         1000    .data..compoundliteral.58  ob_model.o
    0x200004c4   COMPRESSED   0x00000010   Data   RW         1001    .data..compoundliteral.59  ob_model.o
    0x200004d4   COMPRESSED   0x00000010   Data   RW          929    .data..compoundliteral.6  ob_model.o
    0x200004e4   COMPRESSED   0x00000004   Data   RW         1004    .data..compoundliteral.61  ob_model.o
    0x200004e8   COMPRESSED   0x00000004   Data   RW         1005    .data..compoundliteral.62  ob_model.o
    0x200004ec   COMPRESSED   0x00000030   Data   RW         1008    .data..compoundliteral.65  ob_model.o
    0x2000051c   COMPRESSED   0x00000010   Data   RW         1009    .data..compoundliteral.66  ob_model.o
    0x2000052c   COMPRESSED   0x00000010   Data   RW         1010    .data..compoundliteral.67  ob_model.o
    0x2000053c   COMPRESSED   0x00000004   Data   RW         1013    .data..compoundliteral.69  ob_model.o
    0x20000540   COMPRESSED   0x0000001c   Data   RW          930    .data..compoundliteral.7  ob_model.o
    0x2000055c   COMPRESSED   0x00000004   Data   RW         1014    .data..compoundliteral.70  ob_model.o
    0x20000560   COMPRESSED   0x00000030   Data   RW         1017    .data..compoundliteral.73  ob_model.o
    0x20000590   COMPRESSED   0x00000010   Data   RW         1018    .data..compoundliteral.74  ob_model.o
    0x200005a0   COMPRESSED   0x00000010   Data   RW         1019    .data..compoundliteral.75  ob_model.o
    0x200005b0   COMPRESSED   0x00000004   Data   RW         1022    .data..compoundliteral.77  ob_model.o
    0x200005b4   COMPRESSED   0x00000004   Data   RW         1023    .data..compoundliteral.78  ob_model.o
    0x200005b8   COMPRESSED   0x0000000c   Data   RW         1024    .data..compoundliteral.79  ob_model.o
    0x200005c4   COMPRESSED   0x00000004   Data   RW          931    .data..compoundliteral.8  ob_model.o
    0x200005c8   COMPRESSED   0x00000008   Data   RW         1025    .data..compoundliteral.80  ob_model.o
    0x200005d0   COMPRESSED   0x00000030   Data   RW         1026    .data..compoundliteral.81  ob_model.o
    0x20000600   COMPRESSED   0x00000010   Data   RW         1027    .data..compoundliteral.82  ob_model.o
    0x20000610   COMPRESSED   0x00000010   Data   RW         1028    .data..compoundliteral.83  ob_model.o
    0x20000620   COMPRESSED   0x00000010   Data   RW         1031    .data..compoundliteral.85  ob_model.o
    0x20000630   COMPRESSED   0x00000010   Data   RW         1032    .data..compoundliteral.86  ob_model.o
    0x20000640   COMPRESSED   0x00000010   Data   RW         1035    .data..compoundliteral.88  ob_model.o
    0x20000650   COMPRESSED   0x00000010   Data   RW         1036    .data..compoundliteral.89  ob_model.o
    0x20000660   COMPRESSED   0x00000010   Data   RW         1039    .data..compoundliteral.91  ob_model.o
    0x20000670   COMPRESSED   0x00000010   Data   RW         1040    .data..compoundliteral.92  ob_model.o
    0x20000680   COMPRESSED   0x00000004   Data   RW         1043    .data..compoundliteral.94  ob_model.o
    0x20000684   COMPRESSED   0x00000004   Data   RW         1044    .data..compoundliteral.95  ob_model.o
    0x20000688   COMPRESSED   0x0000000c   Data   RW         1045    .data..compoundliteral.96  ob_model.o
    0x20000694   COMPRESSED   0x00000030   Data   RW         1047    .data..compoundliteral.98  ob_model.o
    0x200006c4   COMPRESSED   0x00000010   Data   RW         1048    .data..compoundliteral.99  ob_model.o
    0x200006d4   COMPRESSED   0x00000004   Data   RW          821    .data.SystemCoreClock  system_stm32f4xx.o
    0x200006d8   COMPRESSED   0x0000001c   Data   RW         1119    .data._conv1_conv1_0_Conv_output_0_bias  ob_model.o
    0x200006f4   COMPRESSED   0x00000010   Data   RW         1118    .data._conv1_conv1_0_Conv_output_0_bias_array  ob_model.o
    0x20000704   COMPRESSED   0x00000060   Data   RW          954    .data._conv1_conv1_0_Conv_output_0_layer  ob_model.o
    0x20000764   COMPRESSED   0x0000001c   Data   RW         1098    .data._conv1_conv1_0_Conv_output_0_output  ob_model.o
    0x20000780   COMPRESSED   0x00000010   Data   RW         1097    .data._conv1_conv1_0_Conv_output_0_output_array  ob_model.o
    0x20000790   COMPRESSED   0x0000001c   Data   RW         1123    .data._conv1_conv1_0_Conv_output_0_scratch0  ob_model.o
    0x200007ac   COMPRESSED   0x00000010   Data   RW         1122    .data._conv1_conv1_0_Conv_output_0_scratch0_array  ob_model.o
    0x200007bc   COMPRESSED   0x0000001c   Data   RW         1127    .data._conv1_conv1_0_Conv_output_0_scratch1  ob_model.o
    0x200007d8   COMPRESSED   0x00000010   Data   RW         1126    .data._conv1_conv1_0_Conv_output_0_scratch1_array  ob_model.o
    0x200007e8   COMPRESSED   0x0000001c   Data   RW         1115    .data._conv1_conv1_0_Conv_output_0_weights  ob_model.o
    0x20000804   COMPRESSED   0x00000010   Data   RW         1114    .data._conv1_conv1_0_Conv_output_0_weights_array  ob_model.o
    0x20000814   COMPRESSED   0x00000020   Data   RW          958    .data._conv2_Relu_output_0_layer  ob_model.o
    0x20000834   COMPRESSED   0x0000001c   Data   RW         1051    .data._conv2_Relu_output_0_output  ob_model.o
    0x20000850   COMPRESSED   0x00000010   Data   RW         1050    .data._conv2_Relu_output_0_output_array  ob_model.o
    0x20000860   COMPRESSED   0x0000001c   Data   RW         1106    .data._conv2_depthwise_Conv_output_0_bias  ob_model.o
    0x2000087c   COMPRESSED   0x00000010   Data   RW         1105    .data._conv2_depthwise_Conv_output_0_bias_array  ob_model.o
    0x2000088c   COMPRESSED   0x00000044   Data   RW          957    .data._conv2_depthwise_Conv_output_0_layer  ob_model.o
    0x200008d0   COMPRESSED   0x0000001c   Data   RW         1077    .data._conv2_depthwise_Conv_output_0_output  ob_model.o
    0x200008ec   COMPRESSED   0x00000010   Data   RW         1076    .data._conv2_depthwise_Conv_output_0_output_array  ob_model.o
    0x200008fc   COMPRESSED   0x0000001c   Data   RW         1102    .data._conv2_depthwise_Conv_output_0_weights  ob_model.o
    0x20000918   COMPRESSED   0x00000010   Data   RW         1101    .data._conv2_depthwise_Conv_output_0_weights_array  ob_model.o
    0x20000928   COMPRESSED   0x0000001c   Data   RW         1085    .data._conv2_pointwise_Conv_output_0_bias  ob_model.o
    0x20000944   COMPRESSED   0x00000010   Data   RW         1084    .data._conv2_pointwise_Conv_output_0_bias_array  ob_model.o
    0x20000954   COMPRESSED   0x00000044   Data   RW          961    .data._conv2_pointwise_Conv_output_0_layer  ob_model.o
    0x20000998   COMPRESSED   0x0000001c   Data   RW         1068    .data._conv2_pointwise_Conv_output_0_output  ob_model.o
    0x200009b4   COMPRESSED   0x00000010   Data   RW         1067    .data._conv2_pointwise_Conv_output_0_output_array  ob_model.o
    0x200009c4   COMPRESSED   0x0000001c   Data   RW         1089    .data._conv2_pointwise_Conv_output_0_scratch0  ob_model.o
    0x200009e0   COMPRESSED   0x00000010   Data   RW         1088    .data._conv2_pointwise_Conv_output_0_scratch0_array  ob_model.o
    0x200009f0   COMPRESSED   0x0000001c   Data   RW         1081    .data._conv2_pointwise_Conv_output_0_weights  ob_model.o
    0x20000a0c   COMPRESSED   0x00000010   Data   RW         1080    .data._conv2_pointwise_Conv_output_0_weights_array  ob_model.o
    0x20000a1c   COMPRESSED   0x00000020   Data   RW          966    .data._conv3_Relu_output_0_layer  ob_model.o
    0x20000a3c   COMPRESSED   0x0000001c   Data   RW         1012    .data._conv3_Relu_output_0_output  ob_model.o
    0x20000a58   COMPRESSED   0x00000010   Data   RW         1011    .data._conv3_Relu_output_0_output_array  ob_model.o
    0x20000a68   COMPRESSED   0x0000001c   Data   RW         1059    .data._conv3_depthwise_Conv_output_0_bias  ob_model.o
    0x20000a84   COMPRESSED   0x00000010   Data   RW         1058    .data._conv3_depthwise_Conv_output_0_bias_array  ob_model.o
    0x20000a94   COMPRESSED   0x00000044   Data   RW          965    .data._conv3_depthwise_Conv_output_0_layer  ob_model.o
    0x20000ad8   COMPRESSED   0x0000001c   Data   RW         1030    .data._conv3_depthwise_Conv_output_0_output  ob_model.o
    0x20000af4   COMPRESSED   0x00000010   Data   RW         1029    .data._conv3_depthwise_Conv_output_0_output_array  ob_model.o
    0x20000b04   COMPRESSED   0x0000001c   Data   RW         1055    .data._conv3_depthwise_Conv_output_0_weights  ob_model.o
    0x20000b20   COMPRESSED   0x00000010   Data   RW         1054    .data._conv3_depthwise_Conv_output_0_weights_array  ob_model.o
    0x20000b30   COMPRESSED   0x0000001c   Data   RW         1038    .data._conv3_pointwise_Conv_output_0_bias  ob_model.o
    0x20000b4c   COMPRESSED   0x00000010   Data   RW         1037    .data._conv3_pointwise_Conv_output_0_bias_array  ob_model.o
    0x20000b5c   COMPRESSED   0x00000044   Data   RW          969    .data._conv3_pointwise_Conv_output_0_layer  ob_model.o
    0x20000ba0   COMPRESSED   0x0000001c   Data   RW         1021    .data._conv3_pointwise_Conv_output_0_output  ob_model.o
    0x20000bbc   COMPRESSED   0x00000010   Data   RW         1020    .data._conv3_pointwise_Conv_output_0_output_array  ob_model.o
    0x20000bcc   COMPRESSED   0x0000001c   Data   RW         1042    .data._conv3_pointwise_Conv_output_0_scratch0  ob_model.o
    0x20000be8   COMPRESSED   0x00000010   Data   RW         1041    .data._conv3_pointwise_Conv_output_0_scratch0_array  ob_model.o
    0x20000bf8   COMPRESSED   0x0000001c   Data   RW         1034    .data._conv3_pointwise_Conv_output_0_weights  ob_model.o
    0x20000c14   COMPRESSED   0x00000010   Data   RW         1033    .data._conv3_pointwise_Conv_output_0_weights_array  ob_model.o
    0x20000c24   COMPRESSED   0x0000001c   Data   RW         1003    .data._fc_Gemm_output_0_bias  ob_model.o
    0x20000c40   COMPRESSED   0x00000010   Data   RW         1002    .data._fc_Gemm_output_0_bias_array  ob_model.o
    0x20000c50   COMPRESSED   0x0000001c   Data   RW          971    .data._fc_Gemm_output_0_layer  ob_model.o
    0x20000c6c   COMPRESSED   0x0000001c   Data   RW          986    .data._fc_Gemm_output_0_output  ob_model.o
    0x20000c88   COMPRESSED   0x00000010   Data   RW          985    .data._fc_Gemm_output_0_output_array  ob_model.o
    0x20000c98   COMPRESSED   0x0000001c   Data   RW          999    .data._fc_Gemm_output_0_weights  ob_model.o
    0x20000cb4   COMPRESSED   0x00000010   Data   RW          998    .data._fc_Gemm_output_0_weights_array  ob_model.o
    0x20000cc4   COMPRESSED   0x00000038   Data   RW          974    .data._gap_GlobalAveragePool_output_0_layer  ob_model.o
    0x20000cfc   COMPRESSED   0x0000001c   Data   RW          995    .data._gap_GlobalAveragePool_output_0_output  ob_model.o
    0x20000d18   COMPRESSED   0x00000010   Data   RW          994    .data._gap_GlobalAveragePool_output_0_output_array  ob_model.o
    0x20000d28   COMPRESSED   0x0000004c   Data   RW          942    .data.g_ob_model    ob_model.o
    0x20000d74   COMPRESSED   0x0000001c   Data   RW         1147    .data.g_ob_model_data_map_activations  ob_model_data.o
    0x20000d90   COMPRESSED   0x0000001c   Data   RW         1149    .data.g_ob_model_data_map_weights  ob_model_data.o
    0x20000dac   COMPRESSED   0x0000001c   Data   RW          946    .data.input_frame_output  ob_model.o
    0x20000dc8   COMPRESSED   0x00000010   Data   RW          945    .data.input_frame_output_array  ob_model.o
    0x20000dd8   COMPRESSED   0x00000020   Data   RW          975    .data.prob_out_layer  ob_model.o
    0x20000df8   COMPRESSED   0x0000001c   Data   RW          950    .data.prob_out_output  ob_model.o
    0x20000e14   COMPRESSED   0x00000010   Data   RW          949    .data.prob_out_output_array  ob_model.o
    0x20000e24   COMPRESSED   0x00000001   Data   RW           27    .data.tx_flag       main.o
    0x20000e25   COMPRESSED   0x00000001   Data   RW          539    .data.uwTickFreq    stm32f4xx_hal.o
    0x20000e26   COMPRESSED   0x00000002   PAD
    0x20000e28   COMPRESSED   0x00000004   Data   RW          538    .data.uwTickPrio    stm32f4xx_hal.o
    0x20000e2c   COMPRESSED   0x00000014   PAD
    0x20000e40        -       0x0000001c   Zero   RW          933    .bss..compoundliteral.10  ob_model.o
    0x20000e5c        -       0x00000008   Zero   RW          934    .bss..compoundliteral.11  ob_model.o
    0x20000e64        -       0x00000004   Zero   RW         1062    .bss..compoundliteral.110  ob_model.o
    0x20000e68        -       0x00000004   Zero   RW         1063    .bss..compoundliteral.111  ob_model.o
    0x20000e6c        -       0x00000004   Zero   RW         1093    .bss..compoundliteral.136  ob_model.o
    0x20000e70        -       0x00000010   Zero   RW          937    .bss..compoundliteral.14  ob_model.o
    0x20000e80        -       0x0000001c   Zero   RW          938    .bss..compoundliteral.15  ob_model.o
    0x20000e9c        -       0x00000008   Zero   RW          939    .bss..compoundliteral.16  ob_model.o
    0x20000ea4        -       0x00000010   Zero   RW          953    .bss..compoundliteral.27  ob_model.o
    0x20000eb4        -       0x00000010   Zero   RW          960    .bss..compoundliteral.31  ob_model.o
    0x20000ec4        -       0x00000010   Zero   RW          968    .bss..compoundliteral.35  ob_model.o
    0x20000ed4        -       0x00000010   Zero   RW          973    .bss..compoundliteral.37  ob_model.o
    0x20000ee4        -       0x00000004   Zero   RW          980    .bss..compoundliteral.41  ob_model.o
    0x20000ee8        -       0x00000004   Zero   RW          981    .bss..compoundliteral.42  ob_model.o
    0x20000eec        -       0x00000004   Zero   RW          990    .bss..compoundliteral.50  ob_model.o
    0x20000ef0        -       0x00000004   Zero   RW         1006    .bss..compoundliteral.63  ob_model.o
    0x20000ef4        -       0x00000004   Zero   RW         1007    .bss..compoundliteral.64  ob_model.o
    0x20000ef8        -       0x00000004   Zero   RW         1015    .bss..compoundliteral.71  ob_model.o
    0x20000efc        -       0x00000004   Zero   RW         1016    .bss..compoundliteral.72  ob_model.o
    0x20000f00        -       0x00000010   Zero   RW          932    .bss..compoundliteral.9  ob_model.o
    0x20000f10        -       0x00000004   Zero   RW         1046    .bss..compoundliteral.97  ob_model.o
    0x20000f14   COMPRESSED   0x0000000c   PAD
    0x20000f20        -       0x0000a0e4   Zero   RW          857    .bss.activations    infer_engine.o
    0x2000b004        -       0x00002400   Zero   RW          841    .bss.current_frame  sensor_sim.o
    0x2000d404        -       0x00000001   Zero   RW          886    .bss.current_state  fsm_controller.o
    0x2000d405   COMPRESSED   0x00000003   PAD
    0x2000d408        -       0x00000004   Zero   RW         1129    .bss.g_ob_model_activations_map  ob_model.o
    0x2000d40c        -       0x00000004   Zero   RW         1128    .bss.g_ob_model_weights_map  ob_model.o
    0x2000d410        -       0x00000008   Zero   RW           56    .bss.hcrc           crc.o
    0x2000d418        -       0x00000058   Zero   RW           71    .bss.hspi1          spi.o
    0x2000d470        -       0x00000044   Zero   RW           86    .bss.huart2         usart.o
    0x2000d4b4        -       0x00002400   Zero   RW           31    .bss.live_camera_frame  main.o
    0x2000f8b4        -       0x0000000c   Zero   RW           29    .bss.my_vehicle_state  main.o
    0x2000f8c0        -       0x00000004   Zero   RW          856    .bss.ob_model_network  infer_engine.o
    0x2000f8c4        -       0x00000001   Zero   RW           30    .bss.probability    main.o
    0x2000f8c5   COMPRESSED   0x00000003   PAD
    0x2000f8c8        -       0x000000c8   Zero   RW          859    .bss.result_buffer  infer_engine.o
    0x2000f990        -       0x00000001   Zero   RW          842    .bss.scenario_step  sensor_sim.o
    0x2000f991        -       0x0000012c   Zero   RW           32    .bss.tx_buffer      main.o
    0x2000fabd   COMPRESSED   0x00000003   PAD
    0x2000fac0        -       0x00000004   Zero   RW           28    .bss.tx_flag_timeout  main.o
    0x2000fac4        -       0x00000004   Zero   RW          540    .bss.uwTick         stm32f4xx_hal.o
    0x2000fac8        -       0x00002000   Zero   RW            1    STACK               startup_stm32f401xe.o


==============================================================================

Image component sizes


      Code (inc. data)   RO Data    RW Data    ZI Data      Debug   Object Name

        84          0          0          0          8       2692   crc.o
       130          4          0          0          1       1393   fsm_controller.o
       126          0          0          0          0       3452   gpio.o
       816          0        340          0          0       4432   ili9341.o
       368        140        141          0      41392       4321   infer_engine.o
       966        160          0          1       9533       8263   main.o
       666          0         80       3520        220      17322   ob_model.o
        54          0         16         88          0       3275   ob_model_data.o
         0          0       3016          0          0        784   ob_model_data_params.o
        36          0          0          0          0        705   risk_calc.o
       264         16         72          0       9217       1844   sensor_sim.o
       178          0          0          0         88       5061   spi.o
        36          8        404          0       8192        848   startup_stm32f401xe.o
       212          0          0          5          4       6870   stm32f4xx_hal.o
       194          0          0          0          0       9796   stm32f4xx_hal_cortex.o
        32          0          0          0          0       3069   stm32f4xx_hal_crc.o
       164          0          0          0          0       9713   stm32f4xx_hal_dma.o
       440          0          0          0          0       5172   stm32f4xx_hal_gpio.o
        56          0          0          0          0       1519   stm32f4xx_hal_msp.o
      1384          4          0          0          0       7503   stm32f4xx_hal_rcc.o
       844          0          0          0          0      21542   stm32f4xx_hal_spi.o
      1666          0          0          0          0      25499   stm32f4xx_hal_uart.o
        38          0          0          0          0       4142   stm32f4xx_it.o
        18          0         24          4          0       2772   system_stm32f4xx.o
       184          0          0          0         68       6410   usart.o

    ----------------------------------------------------------------------
      8980        332       4140       3620      68764     158399   Object Totals
         0          0         32          0          0          0   (incl. Generated)
        24          0         15          2         41          0   (incl. Padding)

    ----------------------------------------------------------------------

      Code (inc. data)   RO Data    RW Data    ZI Data      Debug   Library Member Name

        72          0          0          0          0        244   ai_datatypes_format.o
        12          0          0          0          0        116   ai_datatypes_internal.o
       122          8          0          0          0        240   ai_platform.o
       984         76        104          0          0       1824   ai_platform_interface.o
        42          0          0          0          0        348   core_common.o
      1976         16          0          0          0        896   forward_lite_conv2d_if32of32wf32.o
       424          4          0          0          0        148   forward_lite_pool_f32.o
       182          6          0          0          0        504   layers.o
      1992          6          0          0          0        932   layers_conv2d_generic_float.o
       456         12          0          0          0        652   layers_nl_generic_float.o
       490          0          0          0          0        276   layers_pool_generic_float.o
      1460         28          0          0          0        992   lite_dense_if32.o
        52          6          0          0          0        116   lite_nl_generic_float.o
       172          4          0          0          0        116   lite_nl_relu_if32of32.o
       144          0          0          0          0        132   st_int8_fill.o
       492         62         48          0          0        236   expf.o
        38          0          0          0          0        116   fpclassifyf.o
        38         12          0          0          0        348   funder.o
        86          0          0          0          0          0   __dczerorl2.o
         0          0          0          0          0          0   entry.o
         0          0          0          0          0          0   entry10a.o
         0          0          0          0          0          0   entry11a.o
         8          4          0          0          0          0   entry2.o
         4          0          0          0          0          0   entry5.o
         0          0          0          0          0          0   entry7b.o
         0          0          0          0          0          0   entry8b.o
         8          4          0          0          0          0   entry9a.o
        12          6          0          4          0         68   errno.o
        30          0          0          0          0          0   handlers.o
        48         10          0          0          0         68   init.o
         0          0          0          0          0          0   iusefp.o
        30          0          0          0          0         68   llshl.o
        32          0          0          0          0         68   llushr.o
        26          0          0          0          0         80   memcmp.o
        36          0          0          0          0         68   memcpya.o
        36          0          0          0          0        108   memseta.o
       908          8          0          0          0        424   printf6.o
        36         10          0          4          0        136   rand.o
        14          0          0          0          0         68   strlen.o
        44          0          0          0          0         80   uidiv.o
        98          0          0          0          0         92   uldiv.o

    ----------------------------------------------------------------------
     10628        282        156          8          0       9564   Library Totals
        24          0          4          0          0          0   (incl. Padding)

    ----------------------------------------------------------------------

      Code (inc. data)   RO Data    RW Data    ZI Data      Debug   Library Name

      8580        166        104          0          0       7536   NetworkRuntime1000_CM4_Keil.lib
       568         74         48          0          0        700   m_wm.l
      1456         42          0          8          0       1328   mc_w.l

    ----------------------------------------------------------------------
     10628        282        156          8          0       9564   Library Totals

    ----------------------------------------------------------------------

==============================================================================


      Code (inc. data)   RO Data    RW Data    ZI Data      Debug   

     19608        614       4296       3628      68764     161683   Grand Totals
     19608        614       4296       1344      68764     161683   ELF Image Totals (compressed)
     19608        614       4296       1344          0          0   ROM Totals

==============================================================================

    Total RO  Size (Code + RO Data)                23904 (  23.34kB)
    Total RW  Size (RW Data + ZI Data)             72392 (  70.70kB)
    Total ROM Size (Code + RO Data + RW Data)      25248 (  24.66kB)

==============================================================================

